<html>
<body>
<pre>
<h1>µVision Build Log</h1>
<h2>Tool Versions:</h2>
IDE-Version: µVision V5.43.1.0
Copyright (C) 2025 ARM Ltd and ARM Germany GmbH. All rights reserved.
License Information: behnam gh, djdj, LIC=Z3C6R-K17RI-AW72F-6X58N-UWXZC-NT2JS
 
Tool Versions:
Toolchain:       MDK-ARM Professional  Version: 5.43.0.0
Toolchain Path:  C:\Users\Asus\AppData\Local\Keil_v5\ARM\ARMCLANG\Bin
C Compiler:      ArmClang.exe V6.24
Assembler:       Armasm.exe V6.24
Linker/Locator:  ArmLink.exe V6.24
Library Manager: ArmAr.exe V6.24
Hex Converter:   FromElf.exe V6.24
CPU DLL:         SARMCM3.DLL V5.43.0.0
Dialog DLL:      DCM.DLL V1.17.5.0
Target DLL:      STLink\ST-LINKIII-KEIL_SWO.dll V3.3.1.0
Dialog DLL:      TCM.DLL V1.56.6.0
 
<h2>Project:</h2>
G:\Smart-Weather-and-Air-Quality-Monitoring-System\MDK-ARM\Smart Weather and Air Quality Monitoring System.uvprojx
Project File Date:  06/09/2026

<h2>Output:</h2>
*** Using Compiler 'V6.24', folder: 'C:\Users\Asus\AppData\Local\Keil_v5\ARM\ARMCLANG\Bin'
Build target 'Smart Weather and Air Quality Monitoring System'
compiling predictor.c...
linking...
Program Size: Code=14416 RO-data=596 RW-data=16 ZI-data=1936  
FromELF: creating hex file...
"Smart Weather and Air Quality Monitoring System\Smart Weather and Air Quality Monitoring System.axf" - 0 Error(s), 0 Warning(s).

<h2>Software Packages used:</h2>

Package Vendor: ARM
                https://www.keil.com/pack/ARM.CMSIS.6.2.0.pack
                ARM::CMSIS@6.2.0
                CMSIS (Common Microcontroller Software Interface Standard)
   * Component: CORE Version: 6.1.1

Package Vendor: Keil
                https://www.keil.com/pack/Keil.STM32F1xx_DFP.2.4.1.pack
                Keil::STM32F1xx_DFP@2.4.1
                STMicroelectronics STM32F1 Series Device Support, Drivers and Examples

<h2>Collection of Component include folders:</h2>
  ./RTE/_Smart_Weather_and_Air_Quality_Monitoring_System
  C:/Users/Asus/AppData/Local/Arm/Packs/ARM/CMSIS/6.2.0/CMSIS/Core/Include
  C:/Users/Asus/AppData/Local/Arm/Packs/Keil/STM32F1xx_DFP/2.4.1/Device/Include

<h2>Collection of Component Files used:</h2>

   * Component: ARM::CMSIS:CORE@6.1.1
      Include file:  CMSIS/Core/Include/tz_context.h
Build Time Elapsed:  00:00:01
</pre>
</body>
</html>
