Component: Arm Compiler for Embedded 6.24 Tool: armlink [5f371500]

==============================================================================

Section Cross References

    startup_stm32f103xb.o(STACK) refers (Special) to heapauxi.o(.text) for __use_two_region_memory
    startup_stm32f103xb.o(HEAP) refers (Special) to heapauxi.o(.text) for __use_two_region_memory
    startup_stm32f103xb.o(RESET) refers (Special) to heapauxi.o(.text) for __use_two_region_memory
    startup_stm32f103xb.o(RESET) refers to startup_stm32f103xb.o(STACK) for __initial_sp
    startup_stm32f103xb.o(RESET) refers to startup_stm32f103xb.o(.text) for Reset_Handler
    startup_stm32f103xb.o(RESET) refers to stm32f1xx_it.o(.text.NMI_Handler) for NMI_Handler
    startup_stm32f103xb.o(RESET) refers to stm32f1xx_it.o(.text.HardFault_Handler) for HardFault_Handler
    startup_stm32f103xb.o(RESET) refers to stm32f1xx_it.o(.text.MemManage_Handler) for MemManage_Handler
    startup_stm32f103xb.o(RESET) refers to stm32f1xx_it.o(.text.BusFault_Handler) for BusFault_Handler
    startup_stm32f103xb.o(RESET) refers to stm32f1xx_it.o(.text.UsageFault_Handler) for UsageFault_Handler
    startup_stm32f103xb.o(RESET) refers to stm32f1xx_it.o(.text.SVC_Handler) for SVC_Handler
    startup_stm32f103xb.o(RESET) refers to stm32f1xx_it.o(.text.DebugMon_Handler) for DebugMon_Handler
    startup_stm32f103xb.o(RESET) refers to stm32f1xx_it.o(.text.PendSV_Handler) for PendSV_Handler
    startup_stm32f103xb.o(RESET) refers to stm32f1xx_it.o(.text.SysTick_Handler) for SysTick_Handler
    startup_stm32f103xb.o(.text) refers (Special) to heapauxi.o(.text) for __use_two_region_memory
    startup_stm32f103xb.o(.text) refers to system_stm32f1xx.o(.text.SystemInit) for SystemInit
    startup_stm32f103xb.o(.text) refers to __main.o(!!!main) for __main
    startup_stm32f103xb.o(.text) refers to startup_stm32f103xb.o(HEAP) for Heap_Mem
    startup_stm32f103xb.o(.text) refers to startup_stm32f103xb.o(STACK) for Stack_Mem
    alarm.o(.text.Alarm_Init) refers to alarm.o(.bss..L_MergedGlobals) for .L_MergedGlobals
    alarm.o(.text.Alarm_Init) refers to system_data.o(.bss.gWeather) for gWeather
    alarm.o(.ARM.exidx.text.Alarm_Init) refers to alarm.o(.text.Alarm_Init) for [Anonymous Symbol]
    alarm.o(.text.Alarm_Update) refers to system_data.o(.bss.gWeather) for gWeather
    alarm.o(.text.Alarm_Update) refers to alarm.o(.bss..L_MergedGlobals) for .L_MergedGlobals
    alarm.o(.text.Alarm_Update) refers to fcmp.o(x$fpl$fcmp) for __aeabi_fcmpge
    alarm.o(.ARM.exidx.text.Alarm_Update) refers to alarm.o(.text.Alarm_Update) for [Anonymous Symbol]
    alarm.o(.text.Alarm_IsActive) refers to alarm.o(.bss..L_MergedGlobals) for .L_MergedGlobals
    alarm.o(.ARM.exidx.text.Alarm_IsActive) refers to alarm.o(.text.Alarm_IsActive) for [Anonymous Symbol]
    alarm.o(.text.Alarm_GetLevel) refers to alarm.o(.bss..L_MergedGlobals) for .L_MergedGlobals
    alarm.o(.ARM.exidx.text.Alarm_GetLevel) refers to alarm.o(.text.Alarm_GetLevel) for [Anonymous Symbol]
    alarm.o(.text.Alarm_GetReason) refers to alarm.o(.bss..L_MergedGlobals) for .L_MergedGlobals
    alarm.o(.ARM.exidx.text.Alarm_GetReason) refers to alarm.o(.text.Alarm_GetReason) for [Anonymous Symbol]
    alarm.o(.text.Alarm_GetCounter) refers to alarm.o(.bss..L_MergedGlobals) for .L_MergedGlobals
    alarm.o(.ARM.exidx.text.Alarm_GetCounter) refers to alarm.o(.text.Alarm_GetCounter) for [Anonymous Symbol]
    alarm.o(.text.AlarmLevelToString) refers to alarm.o(.rodata.str1.1) for [Anonymous Symbol]
    alarm.o(.ARM.exidx.text.AlarmLevelToString) refers to alarm.o(.text.AlarmLevelToString) for [Anonymous Symbol]
    aqi.o(.text.AQI_Init) refers to system_data.o(.bss.gWeather) for gWeather
    aqi.o(.text.AQI_Init) refers to aqi.o(.data.min_aqi) for min_aqi
    aqi.o(.text.AQI_Init) refers to aqi.o(.bss..L_MergedGlobals) for .L_MergedGlobals
    aqi.o(.ARM.exidx.text.AQI_Init) refers to aqi.o(.text.AQI_Init) for [Anonymous Symbol]
    aqi.o(.text.AQI_Update) refers to system_data.o(.bss.gWeather) for gWeather
    aqi.o(.text.AQI_Update) refers to fcmp.o(x$fpl$fcmp) for __aeabi_fcmpgt
    aqi.o(.text.AQI_Update) refers to faddsub_clz.o(x$fpl$fadd) for __aeabi_fadd
    aqi.o(.text.AQI_Update) refers to fmul.o(x$fpl$fmul) for __aeabi_fmul
    aqi.o(.text.AQI_Update) refers to fdiv.o(x$fpl$fdiv) for __aeabi_fdiv
    aqi.o(.text.AQI_Update) refers to ffix.o(x$fpl$ffix) for __aeabi_f2iz
    aqi.o(.text.AQI_Update) refers to aqi.o(.data.min_aqi) for min_aqi
    aqi.o(.text.AQI_Update) refers to aqi.o(.bss..L_MergedGlobals) for .L_MergedGlobals
    aqi.o(.ARM.exidx.text.AQI_Update) refers to aqi.o(.text.AQI_Update) for [Anonymous Symbol]
    aqi.o(.text.AQI_GetMin) refers to aqi.o(.data.min_aqi) for min_aqi
    aqi.o(.ARM.exidx.text.AQI_GetMin) refers to aqi.o(.text.AQI_GetMin) for [Anonymous Symbol]
    aqi.o(.text.AQI_GetMax) refers to aqi.o(.bss..L_MergedGlobals) for .L_MergedGlobals
[...]
    .Lswitch.table.Logger_Report.45          0x08005644   Data          12  logger.o(.rodata..Lswitch.table.Logger_Report.45)
    HAL_RCC_GetSysClockFreq.aPredivFactorTable 0x08005668   Data           2  stm32f1xx_hal_rcc.o(.rodata.HAL_RCC_GetSysClockFreq.aPredivFactorTable)
    [Anonymous Symbol]                       0x08005668   Section        0  stm32f1xx_hal_rcc.o(.rodata.HAL_RCC_GetSysClockFreq.aPredivFactorTable)
    HAL_RCC_GetSysClockFreq.aPLLMULFactorTable 0x0800566a   Data          16  stm32f1xx_hal_rcc.o(.rodata.cst16)
    [Anonymous Symbol]                       0x0800566a   Section        0  stm32f1xx_hal_rcc.o(.rodata.cst16)
    [Anonymous Symbol]                       0x0800567a   Section        0  alarm.o(.rodata.str1.1)
    .L.str.7                                 0x08005692   Data          26  logger.o(.rodata.str1.1)
    [Anonymous Symbol]                       0x08005692   Section        0  logger.o(.rodata.str1.1)
    .L.str.3                                 0x080056ac   Data          35  logger.o(.rodata.str1.1)
    .L.str.6                                 0x080056cf   Data          25  logger.o(.rodata.str1.1)
    .L.str.4                                 0x080056e8   Data          21  logger.o(.rodata.str1.1)
    .L.str.39                                0x080056fd   Data          26  logger.o(.rodata.str1.1)
    .L.str.8                                 0x08005717   Data          27  logger.o(.rodata.str1.1)
    .L.str.11                                0x08005732   Data          23  logger.o(.rodata.str1.1)
    .L.str.42                                0x08005749   Data          23  logger.o(.rodata.str1.1)
    .L.str.41                                0x08005760   Data          23  logger.o(.rodata.str1.1)
    .L.str.43                                0x08005777   Data          23  logger.o(.rodata.str1.1)
    .L.str.44                                0x0800578e   Data          23  logger.o(.rodata.str1.1)
    .L.str.9                                 0x080057a5   Data          23  logger.o(.rodata.str1.1)
    .L.str.10                                0x080057bc   Data          23  logger.o(.rodata.str1.1)
    .L.str.17                                0x080057d3   Data          21  logger.o(.rodata.str1.1)
    .L.str.26                                0x080057e8   Data          21  logger.o(.rodata.str1.1)
    .L.str.36                                0x080057fd   Data          21  logger.o(.rodata.str1.1)
    .L.str.29                                0x08005812   Data          21  logger.o(.rodata.str1.1)
    .L.str.30                                0x08005827   Data          21  logger.o(.rodata.str1.1)
    .L.str                                   0x0800583c   Data          25  logger.o(.rodata.str1.1)
    .L.str.2                                 0x08005855   Data          25  logger.o(.rodata.str1.1)
    .L.str.40                                0x0800586e   Data          21  logger.o(.rodata.str1.1)
    .L.str.1                                 0x08005883   Data          22  logger.o(.rodata.str1.1)
    .L.str.31                                0x08005899   Data          22  logger.o(.rodata.str1.1)
    .L.str.35                                0x080058b8   Data           5  logger.o(.rodata.str1.1)
    .L.str.11                                0x080058d9   Data          40  cli.o(.rodata.str1.1)
    [Anonymous Symbol]                       0x080058d9   Section        0  cli.o(.rodata.str1.1)
    .L.str.5                                 0x08005901   Data          35  cli.o(.rodata.str1.1)
    .L.str.1                                 0x08005924   Data          57  cli.o(.rodata.str1.1)
    .L.str.7                                 0x0800595d   Data          31  cli.o(.rodata.str1.1)
    locale$$data                             0x080059a0   Section       28  lc_numeric_c.o(locale$$data)
    __lcnum_c_name                           0x080059a4   Data           2  lc_numeric_c.o(locale$$data)
    __lcnum_c_start                          0x080059ac   Data           0  lc_numeric_c.o(locale$$data)
    __lcnum_c_point                          0x080059b8   Data           0  lc_numeric_c.o(locale$$data)
    __lcnum_c_thousands                      0x080059ba   Data           0  lc_numeric_c.o(locale$$data)
    __lcnum_c_grouping                       0x080059bb   Data           0  lc_numeric_c.o(locale$$data)
    __lcnum_c_end                            0x080059bc   Data           0  lc_numeric_c.o(locale$$data)
    locale$$data                             0x080059bc   Section      272  lc_ctype_c.o(locale$$data)
    __lcctype_c_name                         0x080059c0   Data           2  lc_ctype_c.o(locale$$data)
    __lcctype_c_start                        0x080059c8   Data           0  lc_ctype_c.o(locale$$data)
    __lcctype_c_end                          0x08005acc   Data           0  lc_ctype_c.o(locale$$data)
    .L_MergedGlobals                         0x20000000   Data           8  stm32f1xx_hal.o(.data..L_MergedGlobals)
    [Anonymous Symbol]                       0x20000000   Section        0  stm32f1xx_hal.o(.data..L_MergedGlobals)
    min_aqi                                  0x2000000c   Data           2  aqi.o(.data.min_aqi)
    [Anonymous Symbol]                       0x2000000c   Section        0  aqi.o(.data.min_aqi)
    seed                                     0x20000010   Data           4  mock_sensor.o(.data.seed)
    [Anonymous Symbol]                       0x20000010   Section        0  mock_sensor.o(.data.seed)
    .bss                                     0x20000018   Section       96  libspace.o(.bss)
    .L_MergedGlobals                         0x20000078   Data           8  alarm.o(.bss..L_MergedGlobals)
    alarm_active                             0x20000078   Data           1  alarm.o(.bss..L_MergedGlobals)
    [Anonymous Symbol]                       0x20000078   Section        0  alarm.o(.bss..L_MergedGlobals)
    current_level                            0x20000079   Data           1  alarm.o(.bss..L_MergedGlobals)
    current_reason                           0x2000007a   Data           1  alarm.o(.bss..L_MergedGlobals)
    alarm_counter                            0x2000007c   Data           4  alarm.o(.bss..L_MergedGlobals)
    .L_MergedGlobals                         0x20000080   Data          16  aqi.o(.bss..L_MergedGlobals)
    aqi_trend                                0x20000080   Data           1  aqi.o(.bss..L_MergedGlobals)
    [Anonymous Symbol]                       0x20000080   Section        0  aqi.o(.bss..L_MergedGlobals)
    max_aqi                                  0x20000082   Data           2  aqi.o(.bss..L_MergedGlobals)
    previous_aqi                             0x20000084   Data           2  aqi.o(.bss..L_MergedGlobals)
    aqi_sum                                  0x20000088   Data           4  aqi.o(.bss..L_MergedGlobals)
    aqi_count                                0x2000008c   Data           4  aqi.o(.bss..L_MergedGlobals)
    .L_MergedGlobals                         0x20000090   Data          44  filter.o(.bss..L_MergedGlobals)
    first_run                                0x20000090   Data           1  filter.o(.bss..L_MergedGlobals)
    [Anonymous Symbol]                       0x20000090   Section        0  filter.o(.bss..L_MergedGlobals)
    sample_index                             0x20000091   Data           1  filter.o(.bss..L_MergedGlobals)
    sample_count                             0x20000092   Data           1  filter.o(.bss..L_MergedGlobals)
    filter_status                            0x20000093   Data           1  filter.o(.bss..L_MergedGlobals)
    pm25_ema                                 0x20000094   Data           4  filter.o(.bss..L_MergedGlobals)
    moving_average                           0x20000098   Data           4  filter.o(.bss..L_MergedGlobals)
    rejected_samples                         0x2000009c   Data           4  filter.o(.bss..L_MergedGlobals)
    min_pm25                                 0x200000a0   Data           4  filter.o(.bss..L_MergedGlobals)
    max_pm25                                 0x200000a4   Data           4  filter.o(.bss..L_MergedGlobals)
    samples                                  0x200000a8   Data          20  filter.o(.bss..L_MergedGlobals)
    .L_MergedGlobals                         0x200000bc   Data           8  scheduler.o(.bss..L_MergedGlobals)
    Scheduler_Run.last_sensor_time           0x200000bc   Data           4  scheduler.o(.bss..L_MergedGlobals)
    [Anonymous Symbol]                       0x200000bc   Section        0  scheduler.o(.bss..L_MergedGlobals)
    Scheduler_Run.last_log_time              0x200000c0   Data           4  scheduler.o(.bss..L_MergedGlobals)
    .L_MergedGlobals                         0x200000c4   Data          67  cli.o(.bss..L_MergedGlobals)
    s_len                                    0x200000c4   Data           1  cli.o(.bss..L_MergedGlobals)
    [Anonymous Symbol]                       0x200000c4   Section        0  cli.o(.bss..L_MergedGlobals)
    s_cmd_ready                              0x200000c5   Data           1  cli.o(.bss..L_MergedGlobals)
    s_rx_byte                                0x200000c6   Data           1  cli.o(.bss..L_MergedGlobals)
    s_buf                                    0x200000c7   Data          64  cli.o(.bss..L_MergedGlobals)
    .L_MergedGlobals                         0x20000108   Data           4  history.o(.bss..L_MergedGlobals)
    write_index                              0x20000108   Data           2  history.o(.bss..L_MergedGlobals)
    [Anonymous Symbol]                       0x20000108   Section        0  history.o(.bss..L_MergedGlobals)
    sample_count                             0x2000010a   Data           2  history.o(.bss..L_MergedGlobals)
    .L_MergedGlobals                         0x2000010c   Data         120  main.o(.bss..L_MergedGlobals)
    [Anonymous Symbol]                       0x2000010c   Section        0  main.o(.bss..L_MergedGlobals)
    faultFlags                               0x20000184   Data           4  fault.o(.bss.faultFlags)
    [Anonymous Symbol]                       0x20000184   Section        0  fault.o(.bss.faultFlags)
    history_buffer                           0x200001c8   Data         600  history.o(.bss.history_buffer)
    [Anonymous Symbol]                       0x200001c8   Section        0  history.o(.bss.history_buffer)
    prediction                               0x20000468   Data           4  predictor.o(.bss.prediction)
    [Anonymous Symbol]                       0x20000468   Section        0  predictor.o(.bss.prediction)
    Heap_Mem                                 0x20000470   Data         512  startup_stm32f103xb.o(HEAP)
    HEAP                                     0x20000470   Section      512  startup_stm32f103xb.o(HEAP)
    Stack_Mem                                0x20000670   Data        1024  startup_stm32f103xb.o(STACK)
    STACK                                    0x20000670   Section     1024  startup_stm32f103xb.o(STACK)
    __initial_sp                             0x20000a70   Data           0  startup_stm32f103xb.o(STACK)

    Global Symbols

    Symbol Name                              Value     Ov Type        Size  Object(Section)

    BuildAttributes$$THM_ISAv4$P$D$K$B$S$PE$A:L22UL41UL21$X:L11$S22US41US21$IEEE1$IW$~IW$USESV6$~STKCKD$USESV7$~SHL$OTIME$ROPI$IEEEJ$EBA8$UX$STANDARDLIB$REQ8$PRES8$EABIv2 0x00000000   Number         0  anon$$obj.o ABSOLUTE
    __fp_init_empty                          0x00000000   Number         0  fpinit_empty.o ABSOLUTE
    _printf_flags                            0x00000000   Number         0  printf_stubs.o ABSOLUTE
    _printf_return_value                     0x00000000   Number         0  printf_stubs.o ABSOLUTE
    _printf_sizespec                         0x00000000   Number         0  printf_stubs.o ABSOLUTE
    _printf_widthprec                        0x00000000   Number         0  printf_stubs.o ABSOLUTE
    __ARM_exceptions_init                     - Undefined Weak Reference
    __alloca_initialize                       - Undefined Weak Reference
    __arm_preinit_                            - Undefined Weak Reference
    __arm_relocate_pie_                       - Undefined Weak Reference
    __cpp_initialize__aeabi_                  - Undefined Weak Reference
    __cxa_finalize                            - Undefined Weak Reference
    __sigvec_lookup                           - Undefined Weak Reference
    _atexit_init                              - Undefined Weak Reference
    _call_atexit_fns                          - Undefined Weak Reference
    _clock_init                               - Undefined Weak Reference
    _fp_trap_init                             - Undefined Weak Reference
    _fp_trap_shutdown                         - Undefined Weak Reference
    _get_lc_collate                           - Undefined Weak Reference
    _get_lc_monetary                          - Undefined Weak Reference
    _get_lc_time                              - Undefined Weak Reference
    _getenv_init                              - Undefined Weak Reference
    _handle_redirection                       - Undefined Weak Reference
    _init_alloc                               - Undefined Weak Reference
    _init_user_alloc                          - Undefined Weak Reference
    _initio                                   - Undefined Weak Reference
    _printf_mbtowc                            - Undefined Weak Reference
    _printf_wc                                - Undefined Weak Reference
    _rand_init                                - Undefined Weak Reference
    _signal_finish                            - Undefined Weak Reference
    _signal_init                              - Undefined Weak Reference
    _terminate_alloc                          - Undefined Weak Reference
    _terminate_user_alloc                     - Undefined Weak Reference
    _terminateio                              - Undefined Weak Reference
    __Vectors_Size                           0x000000ec   Number         0  startup_stm32f103xb.o ABSOLUTE
    __Vectors                                0x08000000   Data           4  startup_stm32f103xb.o(RESET)
    __Vectors_End                            0x080000ec   Data           0  startup_stm32f103xb.o(RESET)
    __main                                   0x080000ed   Thumb Code     8  __main.o(!!!main)
    __scatterload                            0x080000f5   Thumb Code     0  __scatter.o(!!!scatter)
    __scatterload_rt2                        0x080000f5   Thumb Code    84  __scatter.o(!!!scatter)
    __scatterload_rt2_thumb_only             0x080000f5   Thumb Code     0  __scatter.o(!!!scatter)
    __scatterload_loop                       0x080000ff   Thumb Code     0  __scatter.o(!!!scatter)
    __scatterload_copy                       0x08000151   Thumb Code    26  __scatter_copy.o(!!handler_copy)
    __scatterload_null                       0x0800016d   Thumb Code     2  __scatter.o(!!handler_null)
    __scatterload_zeroinit                   0x08000171   Thumb Code    28  __scatter_zi.o(!!handler_zi)
    _printf_n                                0x0800018d   Thumb Code     0  _printf_n.o(.ARM.Collect$$_printf_percent$$00000001)
    _printf_percent                          0x0800018d   Thumb Code     0  _printf_percent.o(.ARM.Collect$$_printf_percent$$00000000)
    _printf_p                                0x08000193   Thumb Code     0  _printf_p.o(.ARM.Collect$$_printf_percent$$00000002)
    _printf_f                                0x08000199   Thumb Code     0  _printf_f.o(.ARM.Collect$$_printf_percent$$00000003)
    _printf_e                                0x0800019f   Thumb Code     0  _printf_e.o(.ARM.Collect$$_printf_percent$$00000004)
    _printf_g                                0x080001a5   Thumb Code     0  _printf_g.o(.ARM.Collect$$_printf_percent$$00000005)
    _printf_a                                0x080001ab   Thumb Code     0  _printf_a.o(.ARM.Collect$$_printf_percent$$00000006)
    _printf_ll                               0x080001b1   Thumb Code     0  _printf_ll.o(.ARM.Collect$$_printf_percent$$00000007)
    _printf_i                                0x080001bb   Thumb Code     0  _printf_i.o(.ARM.Collect$$_printf_percent$$00000008)
    _printf_d                                0x080001c1   Thumb Code     0  _printf_d.o(.ARM.Collect$$_printf_percent$$00000009)
    _printf_u                                0x080001c7   Thumb Code     0  _printf_u.o(.ARM.Collect$$_printf_percent$$0000000A)
    _printf_o                                0x080001cd   Thumb Code     0  _printf_o.o(.ARM.Collect$$_printf_percent$$0000000B)
    _printf_x                                0x080001d3   Thumb Code     0  _printf_x.o(.ARM.Collect$$_printf_percent$$0000000C)
    _printf_lli                              0x080001d9   Thumb Code     0  _printf_lli.o(.ARM.Collect$$_printf_percent$$0000000D)
    _printf_lld                              0x080001df   Thumb Code     0  _printf_lld.o(.ARM.Collect$$_printf_percent$$0000000E)
    _printf_llu                              0x080001e5   Thumb Code     0  _printf_llu.o(.ARM.Collect$$_printf_percent$$0000000F)
    _printf_llo                              0x080001eb   Thumb Code     0  _printf_llo.o(.ARM.Collect$$_printf_percent$$00000010)
    _printf_llx                              0x080001f1   Thumb Code     0  _printf_llx.o(.ARM.Collect$$_printf_percent$$00000011)
    _printf_l                                0x080001f7   Thumb Code     0  _printf_l.o(.ARM.Collect$$_printf_percent$$00000012)
    _printf_c                                0x08000201   Thumb Code     0  _printf_c.o(.ARM.Collect$$_printf_percent$$00000013)
    _printf_s                                0x08000207   Thumb Code     0  _printf_s.o(.ARM.Collect$$_printf_percent$$00000014)
    _printf_lc                               0x0800020d   Thumb Code     0  _printf_lc.o(.ARM.Collect$$_printf_percent$$00000015)
    _printf_ls                               0x08000213   Thumb Code     0  _printf_ls.o(.ARM.Collect$$_printf_percent$$00000016)
    _printf_percent_end                      0x08000219   Thumb Code     0  _printf_percent_end.o(.ARM.Collect$$_printf_percent$$00000017)
    __rt_lib_init                            0x0800021d   Thumb Code     0  libinit.o(.ARM.Collect$$libinit$$00000000)
    __rt_lib_init_fp_1                       0x0800021f   Thumb Code     0  libinit2.o(.ARM.Collect$$libinit$$00000002)
    __rt_lib_init_heap_1                     0x0800021f   Thumb Code     0  libinit2.o(.ARM.Collect$$libinit$$0000000C)
    __rt_lib_init_lc_common                  0x0800021f   Thumb Code     0  libinit2.o(.ARM.Collect$$libinit$$00000011)
    __rt_lib_init_preinit_1                  0x0800021f   Thumb Code     0  libinit2.o(.ARM.Collect$$libinit$$00000006)
    __rt_lib_init_rand_1                     0x0800021f   Thumb Code     0  libinit2.o(.ARM.Collect$$libinit$$00000010)
    __rt_lib_init_relocate_pie_1             0x0800021f   Thumb Code     0  libinit2.o(.ARM.Collect$$libinit$$00000004)
    __rt_lib_init_user_alloc_1               0x0800021f   Thumb Code     0  libinit2.o(.ARM.Collect$$libinit$$0000000E)
    __rt_lib_init_lc_collate_1               0x08000225   Thumb Code     0  libinit2.o(.ARM.Collect$$libinit$$00000013)
    __rt_lib_init_lc_ctype_2                 0x08000225   Thumb Code     0  libinit2.o(.ARM.Collect$$libinit$$00000014)
    __rt_lib_init_lc_ctype_1                 0x08000231   Thumb Code     0  libinit2.o(.ARM.Collect$$libinit$$00000015)
    __rt_lib_init_lc_monetary_1              0x08000231   Thumb Code     0  libinit2.o(.ARM.Collect$$libinit$$00000017)
    __rt_lib_init_lc_numeric_2               0x08000231   Thumb Code     0  libinit2.o(.ARM.Collect$$libinit$$00000018)
    __rt_lib_init_alloca_1                   0x0800023b   Thumb Code     0  libinit2.o(.ARM.Collect$$libinit$$00000030)
    __rt_lib_init_argv_1                     0x0800023b   Thumb Code     0  libinit2.o(.ARM.Collect$$libinit$$0000002E)
    __rt_lib_init_atexit_1                   0x0800023b   Thumb Code     0  libinit2.o(.ARM.Collect$$libinit$$0000001D)
    __rt_lib_init_clock_1                    0x0800023b   Thumb Code     0  libinit2.o(.ARM.Collect$$libinit$$00000023)
    __rt_lib_init_cpp_1                      0x0800023b   Thumb Code     0  libinit2.o(.ARM.Collect$$libinit$$00000034)
    __rt_lib_init_exceptions_1               0x0800023b   Thumb Code     0  libinit2.o(.ARM.Collect$$libinit$$00000032)
    __rt_lib_init_fp_trap_1                  0x0800023b   Thumb Code     0  libinit2.o(.ARM.Collect$$libinit$$00000021)
    __rt_lib_init_getenv_1                   0x0800023b   Thumb Code     0  libinit2.o(.ARM.Collect$$libinit$$00000025)
    __rt_lib_init_lc_numeric_1               0x0800023b   Thumb Code     0  libinit2.o(.ARM.Collect$$libinit$$00000019)
    __rt_lib_init_lc_time_1                  0x0800023b   Thumb Code     0  libinit2.o(.ARM.Collect$$libinit$$0000001B)
    __rt_lib_init_return                     0x0800023b   Thumb Code     0  libinit2.o(.ARM.Collect$$libinit$$00000035)
    __rt_lib_init_signal_1                   0x0800023b   Thumb Code     0  libinit2.o(.ARM.Collect$$libinit$$0000001F)
    __rt_lib_init_stdio_1                    0x0800023b   Thumb Code     0  libinit2.o(.ARM.Collect$$libinit$$00000027)
    __rt_lib_shutdown                        0x0800023d   Thumb Code     0  libshutdown.o(.ARM.Collect$$libshutdown$$00000000)
    __rt_lib_shutdown_cpp_1                  0x0800023f   Thumb Code     0  libshutdown2.o(.ARM.Collect$$libshutdown$$00000002)
    __rt_lib_shutdown_fp_trap_1              0x0800023f   Thumb Code     0  libshutdown2.o(.ARM.Collect$$libshutdown$$00000007)
    __rt_lib_shutdown_heap_1                 0x0800023f   Thumb Code     0  libshutdown2.o(.ARM.Collect$$libshutdown$$0000000F)
    __rt_lib_shutdown_return                 0x0800023f   Thumb Code     0  libshutdown2.o(.ARM.Collect$$libshutdown$$00000010)
    __rt_lib_shutdown_signal_1               0x0800023f   Thumb Code     0  libshutdown2.o(.ARM.Collect$$libshutdown$$0000000A)
    __rt_lib_shutdown_stdio_1                0x0800023f   Thumb Code     0  libshutdown2.o(.ARM.Collect$$libshutdown$$00000004)
    __rt_lib_shutdown_user_alloc_1           0x0800023f   Thumb Code     0  libshutdown2.o(.ARM.Collect$$libshutdown$$0000000C)
    __rt_entry                               0x08000241   Thumb Code     0  __rtentry.o(.ARM.Collect$$rtentry$$00000000)
    __rt_entry_presh_1                       0x08000241   Thumb Code     0  __rtentry2.o(.ARM.Collect$$rtentry$$00000002)
    __rt_entry_sh                            0x08000241   Thumb Code     0  __rtentry4.o(.ARM.Collect$$rtentry$$00000004)
    __rt_entry_li                            0x08000247   Thumb Code     0  __rtentry2.o(.ARM.Collect$$rtentry$$0000000A)
    __rt_entry_postsh_1                      0x08000247   Thumb Code     0  __rtentry2.o(.ARM.Collect$$rtentry$$00000009)
    __rt_entry_main                          0x0800024b   Thumb Code     0  __rtentry2.o(.ARM.Collect$$rtentry$$0000000D)
    __rt_entry_postli_1                      0x0800024b   Thumb Code     0  __rtentry2.o(.ARM.Collect$$rtentry$$0000000C)
    __rt_exit                                0x08000253   Thumb Code     0  rtexit.o(.ARM.Collect$$rtexit$$00000000)
    __rt_exit_ls                             0x08000255   Thumb Code     0  rtexit2.o(.ARM.Collect$$rtexit$$00000003)
    __rt_exit_prels_1                        0x08000255   Thumb Code     0  rtexit2.o(.ARM.Collect$$rtexit$$00000002)
    __rt_exit_exit                           0x08000259   Thumb Code     0  rtexit2.o(.ARM.Collect$$rtexit$$00000004)
    Reset_Handler                            0x08000261   Thumb Code     8  startup_stm32f103xb.o(.text)
    ADC1_2_IRQHandler                        0x0800027b   Thumb Code     0  startup_stm32f103xb.o(.text)
    CAN1_RX1_IRQHandler                      0x0800027b   Thumb Code     0  startup_stm32f103xb.o(.text)
    CAN1_SCE_IRQHandler                      0x0800027b   Thumb Code     0  startup_stm32f103xb.o(.text)
    DMA1_Channel1_IRQHandler                 0x0800027b   Thumb Code     0  startup_stm32f103xb.o(.text)
    DMA1_Channel2_IRQHandler                 0x0800027b   Thumb Code     0  startup_stm32f103xb.o(.text)
    DMA1_Channel3_IRQHandler                 0x0800027b   Thumb Code     0  startup_stm32f103xb.o(.text)
    DMA1_Channel4_IRQHandler                 0x0800027b   Thumb Code     0  startup_stm32f103xb.o(.text)
    DMA1_Channel5_IRQHandler                 0x0800027b   Thumb Code     0  startup_stm32f103xb.o(.text)
    DMA1_Channel6_IRQHandler                 0x0800027b   Thumb Code     0  startup_stm32f103xb.o(.text)
    DMA1_Channel7_IRQHandler                 0x0800027b   Thumb Code     0  startup_stm32f103xb.o(.text)
    EXTI0_IRQHandler                         0x0800027b   Thumb Code     0  startup_stm32f103xb.o(.text)
    EXTI15_10_IRQHandler                     0x0800027b   Thumb Code     0  startup_stm32f103xb.o(.text)
    EXTI1_IRQHandler                         0x0800027b   Thumb Code     0  startup_stm32f103xb.o(.text)
    EXTI2_IRQHandler                         0x0800027b   Thumb Code     0  startup_stm32f103xb.o(.text)
    EXTI3_IRQHandler                         0x0800027b   Thumb Code     0  startup_stm32f103xb.o(.text)
    EXTI4_IRQHandler                         0x0800027b   Thumb Code     0  startup_stm32f103xb.o(.text)
    EXTI9_5_IRQHandler                       0x0800027b   Thumb Code     0  startup_stm32f103xb.o(.text)
    FLASH_IRQHandler                         0x0800027b   Thumb Code     0  startup_stm32f103xb.o(.text)
    I2C1_ER_IRQHandler                       0x0800027b   Thumb Code     0  startup_stm32f103xb.o(.text)
    I2C1_EV_IRQHandler                       0x0800027b   Thumb Code     0  startup_stm32f103xb.o(.text)
    I2C2_ER_IRQHandler                       0x0800027b   Thumb Code     0  startup_stm32f103xb.o(.text)
    I2C2_EV_IRQHandler                       0x0800027b   Thumb Code     0  startup_stm32f103xb.o(.text)
    PVD_IRQHandler                           0x0800027b   Thumb Code     0  startup_stm32f103xb.o(.text)
    RCC_IRQHandler                           0x0800027b   Thumb Code     0  startup_stm32f103xb.o(.text)
    RTC_Alarm_IRQHandler                     0x0800027b   Thumb Code     0  startup_stm32f103xb.o(.text)
    RTC_IRQHandler                           0x0800027b   Thumb Code     0  startup_stm32f103xb.o(.text)
    SPI1_IRQHandler                          0x0800027b   Thumb Code     0  startup_stm32f103xb.o(.text)
    SPI2_IRQHandler                          0x0800027b   Thumb Code     0  startup_stm32f103xb.o(.text)
    TAMPER_IRQHandler                        0x0800027b   Thumb Code     0  startup_stm32f103xb.o(.text)
    TIM1_BRK_IRQHandler                      0x0800027b   Thumb Code     0  startup_stm32f103xb.o(.text)
    TIM1_CC_IRQHandler                       0x0800027b   Thumb Code     0  startup_stm32f103xb.o(.text)
    TIM1_TRG_COM_IRQHandler                  0x0800027b   Thumb Code     0  startup_stm32f103xb.o(.text)
    TIM1_UP_IRQHandler                       0x0800027b   Thumb Code     0  startup_stm32f103xb.o(.text)
    TIM2_IRQHandler                          0x0800027b   Thumb Code     0  startup_stm32f103xb.o(.text)
    TIM3_IRQHandler                          0x0800027b   Thumb Code     0  startup_stm32f103xb.o(.text)
    TIM4_IRQHandler                          0x0800027b   Thumb Code     0  startup_stm32f103xb.o(.text)
    USART1_IRQHandler                        0x0800027b   Thumb Code     0  startup_stm32f103xb.o(.text)
    USART2_IRQHandler                        0x0800027b   Thumb Code     0  startup_stm32f103xb.o(.text)
    USART3_IRQHandler                        0x0800027b   Thumb Code     0  startup_stm32f103xb.o(.text)
    USBWakeUp_IRQHandler                     0x0800027b   Thumb Code     0  startup_stm32f103xb.o(.text)
    USB_HP_CAN1_TX_IRQHandler                0x0800027b   Thumb Code     0  startup_stm32f103xb.o(.text)
    USB_LP_CAN1_RX0_IRQHandler               0x0800027b   Thumb Code     0  startup_stm32f103xb.o(.text)
    WWDG_IRQHandler                          0x0800027b   Thumb Code     0  startup_stm32f103xb.o(.text)
    __user_initial_stackheap                 0x0800027d   Thumb Code     0  startup_stm32f103xb.o(.text)
    vsnprintf                                0x080002a1   Thumb Code    56  vsnprintf.o(.text)
    __2snprintf                              0x080002dd   Thumb Code    58  __2snprintf.o(.text)
    _printf_pre_padding                      0x0800031d   Thumb Code    44  _printf_pad.o(.text)
    _printf_post_padding                     0x08000349   Thumb Code    34  _printf_pad.o(.text)
    _printf_str                              0x0800036b   Thumb Code    82  _printf_str.o(.text)
    _printf_int_dec                          0x080003bd   Thumb Code   104  _printf_dec.o(.text)
    _printf_longlong_hex                     0x08000435   Thumb Code    86  _printf_hex_int_ll_ptr.o(.text)
    _printf_int_hex                          0x0800048b   Thumb Code    28  _printf_hex_int_ll_ptr.o(.text)
    _printf_ll_hex                           0x080004a7   Thumb Code    12  _printf_hex_int_ll_ptr.o(.text)
    _printf_hex_ptr                          0x080004b3   Thumb Code    18  _printf_hex_int_ll_ptr.o(.text)
    __printf                                 0x080004c9   Thumb Code   388  __printf_flags_ss_wp.o(.text)
    memcmp                                   0x08000651   Thumb Code    88  memcmp.o(.text)
    strlen                                   0x080006a9   Thumb Code    62  strlen.o(.text)
    __aeabi_memclr                           0x080006e7   Thumb Code     0  rt_memclr.o(.text)
    __rt_memclr                              0x080006e7   Thumb Code     0  rt_memclr.o(.text)
    _memset                                  0x080006eb   Thumb Code    64  rt_memclr.o(.text)
    __aeabi_memclr4                          0x0800072b   Thumb Code     0  rt_memclr_w.o(.text)
    __aeabi_memclr8                          0x0800072b   Thumb Code     0  rt_memclr_w.o(.text)
    __rt_memclr_w                            0x0800072b   Thumb Code     0  rt_memclr_w.o(.text)
    _memset_w                                0x0800072f   Thumb Code    74  rt_memclr_w.o(.text)
    __use_two_region_memory                  0x08000779   Thumb Code     2  heapauxi.o(.text)
    __rt_heap_escrow$2region                 0x0800077b   Thumb Code     2  heapauxi.o(.text)
    __rt_heap_expand$2region                 0x0800077d   Thumb Code     2  heapauxi.o(.text)
    _printf_truncate_signed                  0x0800077f   Thumb Code    18  _printf_truncate.o(.text)
    _printf_truncate_unsigned                0x08000791   Thumb Code    18  _printf_truncate.o(.text)
    _printf_int_common                       0x080007a3   Thumb Code   178  _printf_intcommon.o(.text)
    _printf_charcount                        0x08000855   Thumb Code    40  _printf_charcount.o(.text)
    _printf_fp_dec_real                      0x08000a2d   Thumb Code   620  _printf_fp_dec.o(.text)
    _printf_char_common                      0x08000ca3   Thumb Code    32  _printf_char_common.o(.text)
    _snputc                                  0x08000cc9   Thumb Code    16  _snputc.o(.text)
    _printf_cs_common                        0x08000cd9   Thumb Code    20  _printf_char.o(.text)
    _printf_char                             0x08000ced   Thumb Code    16  _printf_char.o(.text)
    _printf_string                           0x08000cfd   Thumb Code     8  _printf_char.o(.text)
    _printf_wctomb                           0x08000d05   Thumb Code   182  _printf_wctomb.o(.text)
    _printf_longlong_dec                     0x08000dc1   Thumb Code   108  _printf_longlong_dec.o(.text)
    _printf_longlong_oct                     0x08000e3d   Thumb Code    68  _printf_oct_int_ll.o(.text)
    _printf_int_oct                          0x08000e81   Thumb Code    24  _printf_oct_int_ll.o(.text)
    _printf_ll_oct                           0x08000e99   Thumb Code    12  _printf_oct_int_ll.o(.text)
    __rt_locale                              0x08000ead   Thumb Code     8  rt_locale_intlibspace.o(.text)
    _ll_udiv10                               0x08000eb5   Thumb Code   138  lludiv10.o(.text)
    _printf_fp_hex_real                      0x08000f41   Thumb Code   756  _printf_fp_hex.o(.text)
    _printf_fp_infnan                        0x0800123d   Thumb Code   112  _printf_fp_infnan.o(.text)
    _printf_lcs_common                       0x080012bd   Thumb Code    20  _printf_wchar.o(.text)
    _printf_wchar                            0x080012d1   Thumb Code    16  _printf_wchar.o(.text)
    _printf_wstring                          0x080012e1   Thumb Code     8  _printf_wchar.o(.text)
    _btod_etento                             0x080012e9   Thumb Code   224  bigflt0.o(.text)
    _c16rtomb                                0x080013cd   Thumb Code    72  _c16rtomb.o(.text)
    _wcrtomb                                 0x080013cd   Thumb Code     0  _c16rtomb.o(.text)
    __user_libspace                          0x08001415   Thumb Code     8  libspace.o(.text)
    __user_perproc_libspace                  0x08001415   Thumb Code     0  libspace.o(.text)
    __user_perthread_libspace                0x08001415   Thumb Code     0  libspace.o(.text)
    __user_setup_stackheap                   0x0800141d   Thumb Code    74  sys_stackheap_outer.o(.text)
    __rt_ctype_table                         0x08001469   Thumb Code    16  rt_ctype_table.o(.text)
    exit                                     0x08001479   Thumb Code    18  exit.o(.text)
    strcmp                                   0x0800148d   Thumb Code   128  strcmpv7m.o(.text)
    _sys_exit                                0x0800150d   Thumb Code     8  sys_exit.o(.text)
    __I$use$semihosting                      0x08001519   Thumb Code     0  use_no_semi.o(.text)
    __use_no_semihosting_swi                 0x08001519   Thumb Code     2  use_no_semi.o(.text)
    __semihosting_library_function           0x0800151b   Thumb Code     0  indicate_semi.o(.text)
    ADC_Enable                               0x0800151d   Thumb Code   174  stm32f1xx_hal_adc.o(.text.ADC_Enable)
    AQI_GetAverage                           0x080015cd   Thumb Code    42  aqi.o(.text.AQI_GetAverage)
    AQI_GetMax                               0x080015f9   Thumb Code    12  aqi.o(.text.AQI_GetMax)
    AQI_GetMin                               0x08001605   Thumb Code    12  aqi.o(.text.AQI_GetMin)
    AQI_Init                                 0x08001611   Thumb Code    50  aqi.o(.text.AQI_Init)
    AQI_Update                               0x08001645   Thumb Code   416  aqi.o(.text.AQI_Update)
    AlarmLevelToString                       0x080017e5   Thumb Code    20  alarm.o(.text.AlarmLevelToString)
    Alarm_GetCounter                         0x0800180d   Thumb Code    12  alarm.o(.text.Alarm_GetCounter)
    Alarm_GetLevel                           0x08001819   Thumb Code    12  alarm.o(.text.Alarm_GetLevel)
    Alarm_GetReason                          0x08001825   Thumb Code    12  alarm.o(.text.Alarm_GetReason)
    Alarm_Init                               0x08001831   Thumb Code    30  alarm.o(.text.Alarm_Init)
    Alarm_IsActive                           0x08001851   Thumb Code    12  alarm.o(.text.Alarm_IsActive)
    Alarm_Update                             0x0800185d   Thumb Code   284  alarm.o(.text.Alarm_Update)
    BusFault_Handler                         0x08001979   Thumb Code     2  stm32f1xx_it.o(.text.BusFault_Handler)
    CLI_Init                                 0x0800197d   Thumb Code    44  cli.o(.text.CLI_Init)
    CLI_Process                              0x080019a9   Thumb Code   484  cli.o(.text.CLI_Process)
    DebugMon_Handler                         0x08001c39   Thumb Code     2  stm32f1xx_it.o(.text.DebugMon_Handler)
    Fault_GetFlags                           0x08001c3d   Thumb Code    12  fault.o(.text.Fault_GetFlags)
    Fault_HasFault                           0x08001c49   Thumb Code    18  fault.o(.text.Fault_HasFault)
    Fault_Init                               0x08001c5d   Thumb Code    24  fault.o(.text.Fault_Init)
    Fault_Update                             0x08001c75   Thumb Code   156  fault.o(.text.Fault_Update)
    Filter_Init                              0x08001d11   Thumb Code    40  filter.o(.text.Filter_Init)
    Filter_Update                            0x08001d39   Thumb Code   422  filter.o(.text.Filter_Update)
    HAL_ADC_ConfigChannel                    0x08001ee1   Thumb Code   318  stm32f1xx_hal_adc.o(.text.HAL_ADC_ConfigChannel)
    HAL_ADC_GetValue                         0x08002021   Thumb Code     6  stm32f1xx_hal_adc.o(.text.HAL_ADC_GetValue)
    HAL_ADC_Init                             0x08002029   Thumb Code   344  stm32f1xx_hal_adc.o(.text.HAL_ADC_Init)
    HAL_ADC_MspInit                          0x08002181   Thumb Code   102  stm32f1xx_hal_msp.o(.text.HAL_ADC_MspInit)
    HAL_ADC_PollForConversion                0x080021e9   Thumb Code   622  stm32f1xx_hal_adc.o(.text.HAL_ADC_PollForConversion)
    HAL_ADC_Start                            0x08002459   Thumb Code   206  stm32f1xx_hal_adc.o(.text.HAL_ADC_Start)
    HAL_ADC_Stop                             0x08002529   Thumb Code   126  stm32f1xx_hal_adc.o(.text.HAL_ADC_Stop)
    HAL_Delay                                0x080025a9   Thumb Code    40  stm32f1xx_hal.o(.text.HAL_Delay)
    HAL_GPIO_Init                            0x080025d1   Thumb Code   526  stm32f1xx_hal_gpio.o(.text.HAL_GPIO_Init)
    HAL_GPIO_WritePin                        0x080027e1   Thumb Code    10  stm32f1xx_hal_gpio.o(.text.HAL_GPIO_WritePin)
    HAL_GetTick                              0x080027ed   Thumb Code    12  stm32f1xx_hal.o(.text.HAL_GetTick)
    HAL_IncTick                              0x080027f9   Thumb Code    26  stm32f1xx_hal.o(.text.HAL_IncTick)
    HAL_Init                                 0x08002815   Thumb Code    38  stm32f1xx_hal.o(.text.HAL_Init)
    HAL_InitTick                             0x0800283d   Thumb Code    72  stm32f1xx_hal.o(.text.HAL_InitTick)
    HAL_MspInit                              0x08002885   Thumb Code    66  stm32f1xx_hal_msp.o(.text.HAL_MspInit)
    HAL_NVIC_SetPriority                     0x080028c9   Thumb Code    86  stm32f1xx_hal_cortex.o(.text.HAL_NVIC_SetPriority)
    HAL_NVIC_SetPriorityGrouping             0x08002921   Thumb Code    32  stm32f1xx_hal_cortex.o(.text.HAL_NVIC_SetPriorityGrouping)
    HAL_RCCEx_GetPeriphCLKFreq               0x08002941   Thumb Code   228  stm32f1xx_hal_rcc_ex.o(.text.HAL_RCCEx_GetPeriphCLKFreq)
    HAL_RCCEx_PeriphCLKConfig                0x08002a39   Thumb Code   258  stm32f1xx_hal_rcc_ex.o(.text.HAL_RCCEx_PeriphCLKConfig)
    HAL_RCC_ClockConfig                      0x08002b3d   Thumb Code   442  stm32f1xx_hal_rcc.o(.text.HAL_RCC_ClockConfig)
    HAL_RCC_GetPCLK1Freq                     0x08002cf9   Thumb Code    38  stm32f1xx_hal_rcc.o(.text.HAL_RCC_GetPCLK1Freq)
    HAL_RCC_GetPCLK2Freq                     0x08002d21   Thumb Code    38  stm32f1xx_hal_rcc.o(.text.HAL_RCC_GetPCLK2Freq)
    HAL_RCC_OscConfig                        0x08002d49   Thumb Code  1024  stm32f1xx_hal_rcc.o(.text.HAL_RCC_OscConfig)
    HAL_SYSTICK_Config                       0x08003149   Thumb Code    44  stm32f1xx_hal_cortex.o(.text.HAL_SYSTICK_Config)
    HAL_TIMEx_MasterConfigSynchronization    0x08003175   Thumb Code   126  stm32f1xx_hal_tim_ex.o(.text.HAL_TIMEx_MasterConfigSynchronization)
    HAL_TIM_Base_Init                        0x080031f5   Thumb Code   250  stm32f1xx_hal_tim.o(.text.HAL_TIM_Base_Init)
    HAL_TIM_Base_MspInit                     0x080032f1   Thumb Code    42  stm32f1xx_hal_msp.o(.text.HAL_TIM_Base_MspInit)
    HAL_TIM_ConfigClockSource                0x0800331d   Thumb Code   416  stm32f1xx_hal_tim.o(.text.HAL_TIM_ConfigClockSource)
    HAL_UART_Init                            0x080034bd   Thumb Code   226  stm32f1xx_hal_uart.o(.text.HAL_UART_Init)
    HAL_UART_MspInit                         0x080035a1   Thumb Code   122  stm32f1xx_hal_msp.o(.text.HAL_UART_MspInit)
    HAL_UART_Receive_IT                      0x0800361d   Thumb Code    84  stm32f1xx_hal_uart.o(.text.HAL_UART_Receive_IT)
    HAL_UART_Transmit                        0x08003671   Thumb Code   402  stm32f1xx_hal_uart.o(.text.HAL_UART_Transmit)
    HardFault_Handler                        0x08003805   Thumb Code     2  stm32f1xx_it.o(.text.HardFault_Handler)
    History_GetAvgCO2                        0x08003809   Thumb Code   184  history.o(.text.History_GetAvgCO2)
    History_GetAvgPM25                       0x080038c1   Thumb Code   186  history.o(.text.History_GetAvgPM25)
    History_GetMaxPM25                       0x0800397d   Thumb Code   260  history.o(.text.History_GetMaxPM25)
    History_GetMinPM25                       0x08003a81   Thumb Code   260  history.o(.text.History_GetMinPM25)
    History_GetSampleCount                   0x08003b85   Thumb Code    12  history.o(.text.History_GetSampleCount)
    History_Init                             0x08003b91   Thumb Code    14  history.o(.text.History_Init)
    History_PushSample                       0x08003ba1   Thumb Code    84  history.o(.text.History_PushSample)
    Logger_Init                              0x08003c65   Thumb Code     2  logger.o(.text.Logger_Init)
    Logger_Report                            0x08003c69   Thumb Code   864  logger.o(.text.Logger_Report)
    MemManage_Handler                        0x0800407d   Thumb Code     2  stm32f1xx_it.o(.text.MemManage_Handler)
    MockSensor_Init                          0x08004081   Thumb Code    22  mock_sensor.o(.text.MockSensor_Init)
    MockSensor_Update                        0x08004099   Thumb Code   308  mock_sensor.o(.text.MockSensor_Update)
    NMI_Handler                              0x080041cd   Thumb Code     2  stm32f1xx_it.o(.text.NMI_Handler)
    PendSV_Handler                           0x080041d1   Thumb Code     2  stm32f1xx_it.o(.text.PendSV_Handler)
    Predictor_GetForecastAQI                 0x080041d5   Thumb Code    12  predictor.o(.text.Predictor_GetForecastAQI)
    Predictor_Init                           0x080041e1   Thumb Code    14  predictor.o(.text.Predictor_Init)
    Predictor_Update                         0x080041f1   Thumb Code   178  predictor.o(.text.Predictor_Update)
    SVC_Handler                              0x080042a5   Thumb Code     2  stm32f1xx_it.o(.text.SVC_Handler)
    Scheduler_Init                           0x080042a9   Thumb Code    22  scheduler.o(.text.Scheduler_Init)
    Scheduler_Run                            0x080042c1   Thumb Code    98  scheduler.o(.text.Scheduler_Run)
    SysTick_Handler                          0x08004325   Thumb Code     4  stm32f1xx_it.o(.text.SysTick_Handler)
    SystemInit                               0x08004329   Thumb Code     2  system_stm32f1xx.o(.text.SystemInit)
    UsageFault_Handler                       0x0800432d   Thumb Code     2  stm32f1xx_it.o(.text.UsageFault_Handler)
    main                                     0x08004331   Thumb Code   684  main.o(.text.main)
    _btod_d2e                                0x080045dd   Thumb Code    62  btod.o(CL$$btod_d2e)
    _d2e_denorm_low                          0x0800461b   Thumb Code    70  btod.o(CL$$btod_d2e_denorm_low)
    _d2e_norm_op1                            0x08004661   Thumb Code    96  btod.o(CL$$btod_d2e_norm_op1)
    __btod_div_common                        0x080046c1   Thumb Code   696  btod.o(CL$$btod_div_common)
    _e2e                                     0x080049f9   Thumb Code   220  btod.o(CL$$btod_e2e)
    _btod_ediv                               0x08004ad5   Thumb Code    42  btod.o(CL$$btod_ediv)
    _btod_emul                               0x08004aff   Thumb Code    42  btod.o(CL$$btod_emul)
    __btod_mult_common                       0x08004b29   Thumb Code   580  btod.o(CL$$btod_mult_common)
    __ARM_fpclassify                         0x08004d6d   Thumb Code    40  fpclassify.o(i.__ARM_fpclassify)
    _is_digit                                0x08004d95   Thumb Code    14  __printf_wp.o(i._is_digit)
    _get_lc_numeric                          0x08004da5   Thumb Code    44  lc_numeric_c.o(locale$$code)
    _get_lc_ctype                            0x08004dd1   Thumb Code    44  lc_ctype_c.o(locale$$code)
    __fpl_dretinf                            0x08004dfd   Thumb Code    12  dretinf.o(x$fpl$dretinf)
    __aeabi_f2d                              0x08004e09   Thumb Code     0  f2d.o(x$fpl$f2d)
    _f2d                                     0x08004e09   Thumb Code    86  f2d.o(x$fpl$f2d)
    __aeabi_fadd                             0x08004e61   Thumb Code     0  faddsub_clz.o(x$fpl$fadd)
    _fadd                                    0x08004e61   Thumb Code   196  faddsub_clz.o(x$fpl$fadd)
    __aeabi_fcmpeq                           0x08004f25   Thumb Code     0  fcmp.o(x$fpl$fcmp)
    _feq                                     0x08004f25   Thumb Code    14  fcmp.o(x$fpl$fcmp)
    _fneq                                    0x08004f33   Thumb Code    14  fcmp.o(x$fpl$fcmp)
    __aeabi_fcmpgt                           0x08004f41   Thumb Code     0  fcmp.o(x$fpl$fcmp)
    _fgr                                     0x08004f41   Thumb Code    14  fcmp.o(x$fpl$fcmp)
    __aeabi_fcmpge                           0x08004f4f   Thumb Code     0  fcmp.o(x$fpl$fcmp)
    _fgeq                                    0x08004f4f   Thumb Code    14  fcmp.o(x$fpl$fcmp)
    __aeabi_fcmple                           0x08004f5d   Thumb Code     0  fcmp.o(x$fpl$fcmp)
    _fleq                                    0x08004f5d   Thumb Code    14  fcmp.o(x$fpl$fcmp)
    __aeabi_fcmplt                           0x08004f6b   Thumb Code     0  fcmp.o(x$fpl$fcmp)
    _fls                                     0x08004f6b   Thumb Code    14  fcmp.o(x$fpl$fcmp)
    __fpl_fcmp_Inf                           0x08004f79   Thumb Code    24  fcmpi.o(x$fpl$fcmpinf)
    __aeabi_fdiv                             0x08004f91   Thumb Code     0  fdiv.o(x$fpl$fdiv)
    _fdiv                                    0x08004f91   Thumb Code   384  fdiv.o(x$fpl$fdiv)
    __aeabi_cfcmpeq                          0x08005115   Thumb Code     0  feqf.o(x$fpl$feqf)
    _fcmpeq                                  0x08005115   Thumb Code   104  feqf.o(x$fpl$feqf)
    __aeabi_f2iz                             0x0800517d   Thumb Code     0  ffix.o(x$fpl$ffix)
    _ffix                                    0x0800517d   Thumb Code    54  ffix.o(x$fpl$ffix)
    __aeabi_ui2f                             0x080051b5   Thumb Code     0  fflt_clz.o(x$fpl$ffltu)
    _ffltu                                   0x080051b5   Thumb Code    38  fflt_clz.o(x$fpl$ffltu)
    _fcmpge                                  0x080051dd   Thumb Code   104  fgeqf.o(x$fpl$fgeqf)
    __aeabi_cfcmple                          0x08005245   Thumb Code     0  fleqf.o(x$fpl$fleqf)
    _fcmple                                  0x08005245   Thumb Code   104  fleqf.o(x$fpl$fleqf)
    __fpl_fcmple_InfNaN                      0x08005297   Thumb Code     0  fleqf.o(x$fpl$fleqf)
    __aeabi_fmul                             0x080052ad   Thumb Code     0  fmul.o(x$fpl$fmul)
    _fmul                                    0x080052ad   Thumb Code   258  fmul.o(x$fpl$fmul)
    __fpl_fnaninf                            0x080053af   Thumb Code   140  fnaninf.o(x$fpl$fnaninf)
    __fpl_fretinf                            0x0800543b   Thumb Code    10  fretinf.o(x$fpl$fretinf)
    __aeabi_fsub                             0x08005445   Thumb Code     0  faddsub_clz.o(x$fpl$fsub)
    _fsub                                    0x08005445   Thumb Code   234  faddsub_clz.o(x$fpl$fsub)
    _printf_fp_dec                           0x0800552f   Thumb Code     4  printf1.o(x$fpl$printf1)
    _printf_fp_hex                           0x08005533   Thumb Code     4  printf2.o(x$fpl$printf2)
    __I$use$fp                               0x08005536   Number         0  usenofp.o(x$fpl$usenofp)
    AHBPrescTable                            0x08005650   Data          16  system_stm32f1xx.o(.rodata.AHBPrescTable)
    APBPrescTable                            0x08005660   Data           8  system_stm32f1xx.o(.rodata.APBPrescTable)
    Region$$Table$$Base                      0x08005980   Number         0  anon$$obj.o(Region$$Table)
    Region$$Table$$Limit                     0x080059a0   Number         0  anon$$obj.o(Region$$Table)
    __ctype                                  0x080059c9   Data           0  lc_ctype_c.o(locale$$data)
    uwTickFreq                               0x20000000   Data           1  stm32f1xx_hal.o(.data..L_MergedGlobals)
    uwTickPrio                               0x20000004   Data           4  stm32f1xx_hal.o(.data..L_MergedGlobals)
    SystemCoreClock                          0x20000008   Data           4  system_stm32f1xx.o(.data.SystemCoreClock)
    __libspace_start                         0x20000018   Data          96  libspace.o(.bss)
    __temporary_stack_top$libspace           0x20000078   Data           0  libspace.o(.bss)
    hadc1                                    0x2000010c   Data          48  main.o(.bss..L_MergedGlobals)
    htim2                                    0x2000013c   Data          72  main.o(.bss..L_MergedGlobals)
    gWeather                                 0x20000188   Data          64  system_data.o(.bss.gWeather)
    huart2                                   0x20000420   Data          72  main.o(.bss.huart2)
    uwTick                                   0x2000046c   Data           4  stm32f1xx_hal.o(.bss.uwTick)



==============================================================================

Memory Map of the image

  Image Entry point : 0x080000ed

  Load Region LR_IROM1 (Base: 0x08000000, Size: 0x00005ae8, Max: 0x00010000, ABSOLUTE)

    Execution Region ER_IROM1 (Exec base: 0x08000000, Load base: 0x08000000, Size: 0x00005acc, Max: 0x00010000, ABSOLUTE)

    Exec Addr    Load Addr    Size         Type   Attr      Idx    E Section Name        Object

    0x08000000   0x08000000   0x000000ec   Data   RO            3    RESET               startup_stm32f103xb.o
    0x080000ec   0x080000ec   0x00000008   Code   RO         1238  * !!!main             c_w.l(__main.o)
    0x080000f4   0x080000f4   0x0000005c   Code   RO         1560    !!!scatter          c_w.l(__scatter.o)
    0x08000150   0x08000150   0x0000001a   Code   RO         1564    !!handler_copy      c_w.l(__scatter_copy.o)
    0x0800016a   0x0800016a   0x00000002   PAD
    0x0800016c   0x0800016c   0x00000002   Code   RO         1561    !!handler_null      c_w.l(__scatter.o)
    0x0800016e   0x0800016e   0x00000002   PAD
    0x08000170   0x08000170   0x0000001c   Code   RO         1566    !!handler_zi        c_w.l(__scatter_zi.o)
    0x0800018c   0x0800018c   0x00000000   Code   RO         1227    .ARM.Collect$$_printf_percent$$00000000  c_w.l(_printf_percent.o)
    0x0800018c   0x0800018c   0x00000006   Code   RO         1297    .ARM.Collect$$_printf_percent$$00000001  c_w.l(_printf_n.o)
    0x08000192   0x08000192   0x00000006   Code   RO         1298    .ARM.Collect$$_printf_percent$$00000002  c_w.l(_printf_p.o)
    0x08000198   0x08000198   0x00000006   Code   RO         1226    .ARM.Collect$$_printf_percent$$00000003  c_w.l(_printf_f.o)
    0x0800019e   0x0800019e   0x00000006   Code   RO         1301    .ARM.Collect$$_printf_percent$$00000004  c_w.l(_printf_e.o)
    0x080001a4   0x080001a4   0x00000006   Code   RO         1302    .ARM.Collect$$_printf_percent$$00000005  c_w.l(_printf_g.o)
    0x080001aa   0x080001aa   0x00000006   Code   RO         1303    .ARM.Collect$$_printf_percent$$00000006  c_w.l(_printf_a.o)
    0x080001b0   0x080001b0   0x0000000a   Code   RO         1308    .ARM.Collect$$_printf_percent$$00000007  c_w.l(_printf_ll.o)
    0x080001ba   0x080001ba   0x00000006   Code   RO         1300    .ARM.Collect$$_printf_percent$$00000008  c_w.l(_printf_i.o)
    0x080001c0   0x080001c0   0x00000006   Code   RO         1224    .ARM.Collect$$_printf_percent$$00000009  c_w.l(_printf_d.o)
    0x080001c6   0x080001c6   0x00000006   Code   RO         1225    .ARM.Collect$$_printf_percent$$0000000A  c_w.l(_printf_u.o)
    0x080001cc   0x080001cc   0x00000006   Code   RO         1299    .ARM.Collect$$_printf_percent$$0000000B  c_w.l(_printf_o.o)
    0x080001d2   0x080001d2   0x00000006   Code   RO         1223    .ARM.Collect$$_printf_percent$$0000000C  c_w.l(_printf_x.o)
    0x080001d8   0x080001d8   0x00000006   Code   RO         1305    .ARM.Collect$$_printf_percent$$0000000D  c_w.l(_printf_lli.o)
    0x080001de   0x080001de   0x00000006   Code   RO         1306    .ARM.Collect$$_printf_percent$$0000000E  c_w.l(_printf_lld.o)
    0x080001e4   0x080001e4   0x00000006   Code   RO         1307    .ARM.Collect$$_printf_percent$$0000000F  c_w.l(_printf_llu.o)
    0x080001ea   0x080001ea   0x00000006   Code   RO         1312    .ARM.Collect$$_printf_percent$$00000010  c_w.l(_printf_llo.o)
    0x080001f0   0x080001f0   0x00000006   Code   RO         1313    .ARM.Collect$$_printf_percent$$00000011  c_w.l(_printf_llx.o)
    0x080001f6   0x080001f6   0x0000000a   Code   RO         1309    .ARM.Collect$$_printf_percent$$00000012  c_w.l(_printf_l.o)
    0x08000200   0x08000200   0x00000006   Code   RO         1296    .ARM.Collect$$_printf_percent$$00000013  c_w.l(_printf_c.o)
    0x08000206   0x08000206   0x00000006   Code   RO         1222    .ARM.Collect$$_printf_percent$$00000014  c_w.l(_printf_s.o)
    0x0800020c   0x0800020c   0x00000006   Code   RO         1310    .ARM.Collect$$_printf_percent$$00000015  c_w.l(_printf_lc.o)
    0x08000212   0x08000212   0x00000006   Code   RO         1311    .ARM.Collect$$_printf_percent$$00000016  c_w.l(_printf_ls.o)
    0x08000218   0x08000218   0x00000004   Code   RO         1304    .ARM.Collect$$_printf_percent$$00000017  c_w.l(_printf_percent_end.o)
    0x0800021c   0x0800021c   0x00000002   Code   RO         1420    .ARM.Collect$$libinit$$00000000  c_w.l(libinit.o)
    0x0800021e   0x0800021e   0x00000000   Code   RO         1422    .ARM.Collect$$libinit$$00000002  c_w.l(libinit2.o)
    0x0800021e   0x0800021e   0x00000000   Code   RO         1424    .ARM.Collect$$libinit$$00000004  c_w.l(libinit2.o)
    0x0800021e   0x0800021e   0x00000000   Code   RO         1426    .ARM.Collect$$libinit$$00000006  c_w.l(libinit2.o)
    0x0800021e   0x0800021e   0x00000000   Code   RO         1429    .ARM.Collect$$libinit$$0000000C  c_w.l(libinit2.o)
    0x0800021e   0x0800021e   0x00000000   Code   RO         1431    .ARM.Collect$$libinit$$0000000E  c_w.l(libinit2.o)
    0x0800021e   0x0800021e   0x00000000   Code   RO         1433    .ARM.Collect$$libinit$$00000010  c_w.l(libinit2.o)
    0x0800021e   0x0800021e   0x00000006   Code   RO         1434    .ARM.Collect$$libinit$$00000011  c_w.l(libinit2.o)
    0x08000224   0x08000224   0x00000000   Code   RO         1436    .ARM.Collect$$libinit$$00000013  c_w.l(libinit2.o)
    0x08000224   0x08000224   0x0000000c   Code   RO         1437    .ARM.Collect$$libinit$$00000014  c_w.l(libinit2.o)
    0x08000230   0x08000230   0x00000000   Code   RO         1438    .ARM.Collect$$libinit$$00000015  c_w.l(libinit2.o)
    0x08000230   0x08000230   0x00000000   Code   RO         1440    .ARM.Collect$$libinit$$00000017  c_w.l(libinit2.o)
    0x08000230   0x08000230   0x0000000a   Code   RO         1441    .ARM.Collect$$libinit$$00000018  c_w.l(libinit2.o)
    0x0800023a   0x0800023a   0x00000000   Code   RO         1442    .ARM.Collect$$libinit$$00000019  c_w.l(libinit2.o)
    0x0800023a   0x0800023a   0x00000000   Code   RO         1444    .ARM.Collect$$libinit$$0000001B  c_w.l(libinit2.o)
    0x0800023a   0x0800023a   0x00000000   Code   RO         1446    .ARM.Collect$$libinit$$0000001D  c_w.l(libinit2.o)
    0x0800023a   0x0800023a   0x00000000   Code   RO         1448    .ARM.Collect$$libinit$$0000001F  c_w.l(libinit2.o)
    0x0800023a   0x0800023a   0x00000000   Code   RO         1450    .ARM.Collect$$libinit$$00000021  c_w.l(libinit2.o)
    0x0800023a   0x0800023a   0x00000000   Code   RO         1452    .ARM.Collect$$libinit$$00000023  c_w.l(libinit2.o)
    0x0800023a   0x0800023a   0x00000000   Code   RO         1454    .ARM.Collect$$libinit$$00000025  c_w.l(libinit2.o)
    0x0800023a   0x0800023a   0x00000000   Code   RO         1456    .ARM.Collect$$libinit$$00000027  c_w.l(libinit2.o)
    0x0800023a   0x0800023a   0x00000000   Code   RO         1460    .ARM.Collect$$libinit$$0000002E  c_w.l(libinit2.o)
    0x0800023a   0x0800023a   0x00000000   Code   RO         1462    .ARM.Collect$$libinit$$00000030  c_w.l(libinit2.o)
    0x0800023a   0x0800023a   0x00000000   Code   RO         1464    .ARM.Collect$$libinit$$00000032  c_w.l(libinit2.o)
    0x0800023a   0x0800023a   0x00000000   Code   RO         1466    .ARM.Collect$$libinit$$00000034  c_w.l(libinit2.o)
    0x0800023a   0x0800023a   0x00000002   Code   RO         1467    .ARM.Collect$$libinit$$00000035  c_w.l(libinit2.o)
    0x0800023c   0x0800023c   0x00000002   Code   RO         1506    .ARM.Collect$$libshutdown$$00000000  c_w.l(libshutdown.o)
    0x0800023e   0x0800023e   0x00000000   Code   RO         1517    .ARM.Collect$$libshutdown$$00000002  c_w.l(libshutdown2.o)
    0x0800023e   0x0800023e   0x00000000   Code   RO         1519    .ARM.Collect$$libshutdown$$00000004  c_w.l(libshutdown2.o)
    0x0800023e   0x0800023e   0x00000000   Code   RO         1522    .ARM.Collect$$libshutdown$$00000007  c_w.l(libshutdown2.o)
    0x0800023e   0x0800023e   0x00000000   Code   RO         1525    .ARM.Collect$$libshutdown$$0000000A  c_w.l(libshutdown2.o)
    0x0800023e   0x0800023e   0x00000000   Code   RO         1527    .ARM.Collect$$libshutdown$$0000000C  c_w.l(libshutdown2.o)
    0x0800023e   0x0800023e   0x00000000   Code   RO         1530    .ARM.Collect$$libshutdown$$0000000F  c_w.l(libshutdown2.o)
    0x0800023e   0x0800023e   0x00000002   Code   RO         1531    .ARM.Collect$$libshutdown$$00000010  c_w.l(libshutdown2.o)
    0x08000240   0x08000240   0x00000000   Code   RO         1268    .ARM.Collect$$rtentry$$00000000  c_w.l(__rtentry.o)
    0x08000240   0x08000240   0x00000000   Code   RO         1334    .ARM.Collect$$rtentry$$00000002  c_w.l(__rtentry2.o)
    0x08000240   0x08000240   0x00000006   Code   RO         1346    .ARM.Collect$$rtentry$$00000004  c_w.l(__rtentry4.o)
    0x08000246   0x08000246   0x00000000   Code   RO         1336    .ARM.Collect$$rtentry$$00000009  c_w.l(__rtentry2.o)
    0x08000246   0x08000246   0x00000004   Code   RO         1337    .ARM.Collect$$rtentry$$0000000A  c_w.l(__rtentry2.o)
    0x0800024a   0x0800024a   0x00000000   Code   RO         1339    .ARM.Collect$$rtentry$$0000000C  c_w.l(__rtentry2.o)
    0x0800024a   0x0800024a   0x00000008   Code   RO         1340    .ARM.Collect$$rtentry$$0000000D  c_w.l(__rtentry2.o)
    0x08000252   0x08000252   0x00000002   Code   RO         1468    .ARM.Collect$$rtexit$$00000000  c_w.l(rtexit.o)
    0x08000254   0x08000254   0x00000000   Code   RO         1480    .ARM.Collect$$rtexit$$00000002  c_w.l(rtexit2.o)
    0x08000254   0x08000254   0x00000004   Code   RO         1481    .ARM.Collect$$rtexit$$00000003  c_w.l(rtexit2.o)
    0x08000258   0x08000258   0x00000006   Code   RO         1482    .ARM.Collect$$rtexit$$00000004  c_w.l(rtexit2.o)
    0x0800025e   0x0800025e   0x00000002   PAD
    0x08000260   0x08000260   0x00000040   Code   RO            4    .text               startup_stm32f103xb.o
    0x080002a0   0x080002a0   0x0000003c   Code   RO         1167    .text               c_w.l(vsnprintf.o)
    0x080002dc   0x080002dc   0x00000040   Code   RO         1169    .text               c_w.l(__2snprintf.o)
    0x0800031c   0x0800031c   0x0000004e   Code   RO         1175    .text               c_w.l(_printf_pad.o)
    0x0800036a   0x0800036a   0x00000052   Code   RO         1177    .text               c_w.l(_printf_str.o)
    0x080003bc   0x080003bc   0x00000078   Code   RO         1179    .text               c_w.l(_printf_dec.o)
    0x08000434   0x08000434   0x00000094   Code   RO         1199    .text               c_w.l(_printf_hex_int_ll_ptr.o)
    0x080004c8   0x080004c8   0x00000188   Code   RO         1219    .text               c_w.l(__printf_flags_ss_wp.o)
    0x08000650   0x08000650   0x00000058   Code   RO         1228    .text               c_w.l(memcmp.o)
    0x080006a8   0x080006a8   0x0000003e   Code   RO         1230    .text               c_w.l(strlen.o)
    0x080006e6   0x080006e6   0x00000044   Code   RO         1232    .text               c_w.l(rt_memclr.o)
    0x0800072a   0x0800072a   0x0000004e   Code   RO         1234    .text               c_w.l(rt_memclr_w.o)
    0x08000778   0x08000778   0x00000006   Code   RO         1236    .text               c_w.l(heapauxi.o)
    0x0800077e   0x0800077e   0x00000024   Code   RO         1269    .text               c_w.l(_printf_truncate.o)
    0x080007a2   0x080007a2   0x000000b2   Code   RO         1271    .text               c_w.l(_printf_intcommon.o)
    0x08000854   0x08000854   0x00000028   Code   RO         1273    .text               c_w.l(_printf_charcount.o)
    0x0800087c   0x0800087c   0x0000041c   Code   RO         1275    .text               c_w.l(_printf_fp_dec.o)
    0x08000c98   0x08000c98   0x00000030   Code   RO         1279    .text               c_w.l(_printf_char_common.o)
    0x08000cc8   0x08000cc8   0x00000010   Code   RO         1281    .text               c_w.l(_snputc.o)
    0x08000cd8   0x08000cd8   0x0000002c   Code   RO         1283    .text               c_w.l(_printf_char.o)
    0x08000d04   0x08000d04   0x000000bc   Code   RO         1285    .text               c_w.l(_printf_wctomb.o)
    0x08000dc0   0x08000dc0   0x0000007c   Code   RO         1288    .text               c_w.l(_printf_longlong_dec.o)
    0x08000e3c   0x08000e3c   0x00000070   Code   RO         1294    .text               c_w.l(_printf_oct_int_ll.o)
    0x08000eac   0x08000eac   0x00000008   Code   RO         1351    .text               c_w.l(rt_locale_intlibspace.o)
    0x08000eb4   0x08000eb4   0x0000008a   Code   RO         1353    .text               c_w.l(lludiv10.o)
    0x08000f3e   0x08000f3e   0x00000002   PAD
    0x08000f40   0x08000f40   0x000002fc   Code   RO         1355    .text               c_w.l(_printf_fp_hex.o)
    0x0800123c   0x0800123c   0x00000080   Code   RO         1358    .text               c_w.l(_printf_fp_infnan.o)
    0x080012bc   0x080012bc   0x0000002c   Code   RO         1362    .text               c_w.l(_printf_wchar.o)
    0x080012e8   0x080012e8   0x000000e4   Code   RO         1364    .text               c_w.l(bigflt0.o)
    0x080013cc   0x080013cc   0x00000048   Code   RO         1391    .text               c_w.l(_c16rtomb.o)
    0x08001414   0x08001414   0x00000008   Code   RO         1402    .text               c_w.l(libspace.o)
    0x0800141c   0x0800141c   0x0000004a   Code   RO         1405    .text               c_w.l(sys_stackheap_outer.o)
    0x08001466   0x08001466   0x00000002   PAD
    0x08001468   0x08001468   0x00000010   Code   RO         1407    .text               c_w.l(rt_ctype_table.o)
    0x08001478   0x08001478   0x00000012   Code   RO         1411    .text               c_w.l(exit.o)
    0x0800148a   0x0800148a   0x00000002   PAD
    0x0800148c   0x0800148c   0x00000080   Code   RO         1413    .text               c_w.l(strcmpv7m.o)
    0x0800150c   0x0800150c   0x0000000c   Code   RO         1492    .text               c_w.l(sys_exit.o)
    0x08001518   0x08001518   0x00000002   Code   RO         1507    .text               c_w.l(use_no_semi.o)
    0x0800151a   0x0800151a   0x00000000   Code   RO         1509    .text               c_w.l(indicate_semi.o)
    0x0800151a   0x0800151a   0x00000002   PAD
    0x0800151c   0x0800151c   0x000000ae   Code   RO          295    .text.ADC_Enable    stm32f1xx_hal_adc.o
    0x080015ca   0x080015ca   0x00000002   PAD
    0x080015cc   0x080015cc   0x0000002a   Code   RO           43    .text.AQI_GetAverage  aqi.o
    0x080015f6   0x080015f6   0x00000002   PAD
    0x080015f8   0x080015f8   0x0000000c   Code   RO           41    .text.AQI_GetMax    aqi.o
    0x08001604   0x08001604   0x0000000c   Code   RO           39    .text.AQI_GetMin    aqi.o
    0x08001610   0x08001610   0x00000032   Code   RO           35    .text.AQI_Init      aqi.o
    0x08001642   0x08001642   0x00000002   PAD
    0x08001644   0x08001644   0x000001a0   Code   RO           37    .text.AQI_Update    aqi.o
    0x080017e4   0x080017e4   0x00000028   Code   RO           23    .text.AlarmLevelToString  alarm.o
    0x0800180c   0x0800180c   0x0000000c   Code   RO           21    .text.Alarm_GetCounter  alarm.o
    0x08001818   0x08001818   0x0000000c   Code   RO           17    .text.Alarm_GetLevel  alarm.o
    0x08001824   0x08001824   0x0000000c   Code   RO           19    .text.Alarm_GetReason  alarm.o
    0x08001830   0x08001830   0x0000001e   Code   RO           11    .text.Alarm_Init    alarm.o
    0x0800184e   0x0800184e   0x00000002   PAD
    0x08001850   0x08001850   0x0000000c   Code   RO           15    .text.Alarm_IsActive  alarm.o
    0x0800185c   0x0800185c   0x0000011c   Code   RO           13    .text.Alarm_Update  alarm.o
    0x08001978   0x08001978   0x00000002   Code   RO          228    .text.BusFault_Handler  stm32f1xx_it.o
    0x0800197a   0x0800197a   0x00000002   PAD
    0x0800197c   0x0800197c   0x0000002c   Code   RO          130    .text.CLI_Init      cli.o
    0x080019a8   0x080019a8   0x00000290   Code   RO          132    .text.CLI_Process   cli.o
    0x08001c38   0x08001c38   0x00000002   Code   RO          234    .text.DebugMon_Handler  stm32f1xx_it.o
    0x08001c3a   0x08001c3a   0x00000002   PAD
    0x08001c3c   0x08001c3c   0x0000000c   Code   RO          150    .text.Fault_GetFlags  fault.o
    0x08001c48   0x08001c48   0x00000012   Code   RO          152    .text.Fault_HasFault  fault.o
    0x08001c5a   0x08001c5a   0x00000002   PAD
    0x08001c5c   0x08001c5c   0x00000018   Code   RO          146    .text.Fault_Init    fault.o
    0x08001c74   0x08001c74   0x0000009c   Code   RO          148    .text.Fault_Update  fault.o
    0x08001d10   0x08001d10   0x00000028   Code   RO           57    .text.Filter_Init   filter.o
    0x08001d38   0x08001d38   0x000001a6   Code   RO           59    .text.Filter_Update  filter.o
    0x08001ede   0x08001ede   0x00000002   PAD
    0x08001ee0   0x08001ee0   0x0000013e   Code   RO          329    .text.HAL_ADC_ConfigChannel  stm32f1xx_hal_adc.o
    0x0800201e   0x0800201e   0x00000002   PAD
    0x08002020   0x08002020   0x00000006   Code   RO          317    .text.HAL_ADC_GetValue  stm32f1xx_hal_adc.o
    0x08002026   0x08002026   0x00000002   PAD
    0x08002028   0x08002028   0x00000158   Code   RO          283    .text.HAL_ADC_Init  stm32f1xx_hal_adc.o
    0x08002180   0x08002180   0x00000066   Code   RO          249    .text.HAL_ADC_MspInit  stm32f1xx_hal_msp.o
    0x080021e6   0x080021e6   0x00000002   PAD
    0x080021e8   0x080021e8   0x0000026e   Code   RO          299    .text.HAL_ADC_PollForConversion  stm32f1xx_hal_adc.o
    0x08002456   0x08002456   0x00000002   PAD
    0x08002458   0x08002458   0x000000ce   Code   RO          293    .text.HAL_ADC_Start  stm32f1xx_hal_adc.o
    0x08002526   0x08002526   0x00000002   PAD
    0x08002528   0x08002528   0x0000007e   Code   RO          297    .text.HAL_ADC_Stop  stm32f1xx_hal_adc.o
    0x080025a6   0x080025a6   0x00000002   PAD
    0x080025a8   0x080025a8   0x00000028   Code   RO          399    .text.HAL_Delay     stm32f1xx_hal.o
    0x080025d0   0x080025d0   0x0000020e   Code   RO          491    .text.HAL_GPIO_Init  stm32f1xx_hal_gpio.o
    0x080027de   0x080027de   0x00000002   PAD
    0x080027e0   0x080027e0   0x0000000a   Code   RO          497    .text.HAL_GPIO_WritePin  stm32f1xx_hal_gpio.o
    0x080027ea   0x080027ea   0x00000002   PAD
    0x080027ec   0x080027ec   0x0000000c   Code   RO          391    .text.HAL_GetTick   stm32f1xx_hal.o
    0x080027f8   0x080027f8   0x0000001a   Code   RO          389    .text.HAL_IncTick   stm32f1xx_hal.o
    0x08002812   0x08002812   0x00000002   PAD
    0x08002814   0x08002814   0x00000026   Code   RO          379    .text.HAL_Init      stm32f1xx_hal.o
    0x0800283a   0x0800283a   0x00000002   PAD
    0x0800283c   0x0800283c   0x00000048   Code   RO          381    .text.HAL_InitTick  stm32f1xx_hal.o
    0x08002884   0x08002884   0x00000042   Code   RO          247    .text.HAL_MspInit   stm32f1xx_hal_msp.o
    0x080028c6   0x080028c6   0x00000002   PAD
    0x080028c8   0x080028c8   0x00000056   Code   RO          549    .text.HAL_NVIC_SetPriority  stm32f1xx_hal_cortex.o
    0x0800291e   0x0800291e   0x00000002   PAD
    0x08002920   0x08002920   0x00000020   Code   RO          547    .text.HAL_NVIC_SetPriorityGrouping  stm32f1xx_hal_cortex.o
    0x08002940   0x08002940   0x000000f8   Code   RO          481    .text.HAL_RCCEx_GetPeriphCLKFreq  stm32f1xx_hal_rcc_ex.o
    0x08002a38   0x08002a38   0x00000102   Code   RO          477    .text.HAL_RCCEx_PeriphCLKConfig  stm32f1xx_hal_rcc_ex.o
    0x08002b3a   0x08002b3a   0x00000002   PAD
    0x08002b3c   0x08002b3c   0x000001ba   Code   RO          443    .text.HAL_RCC_ClockConfig  stm32f1xx_hal_rcc.o
    0x08002cf6   0x08002cf6   0x00000002   PAD
    0x08002cf8   0x08002cf8   0x00000026   Code   RO          455    .text.HAL_RCC_GetPCLK1Freq  stm32f1xx_hal_rcc.o
    0x08002d1e   0x08002d1e   0x00000002   PAD
    0x08002d20   0x08002d20   0x00000026   Code   RO          457    .text.HAL_RCC_GetPCLK2Freq  stm32f1xx_hal_rcc.o
    0x08002d46   0x08002d46   0x00000002   PAD
    0x08002d48   0x08002d48   0x00000400   Code   RO          441    .text.HAL_RCC_OscConfig  stm32f1xx_hal_rcc.o
    0x08003148   0x08003148   0x0000002c   Code   RO          559    .text.HAL_SYSTICK_Config  stm32f1xx_hal_cortex.o
    0x08003174   0x08003174   0x0000007e   Code   RO         1007    .text.HAL_TIMEx_MasterConfigSynchronization  stm32f1xx_hal_tim_ex.o
    0x080031f2   0x080031f2   0x00000002   PAD
    0x080031f4   0x080031f4   0x000000fa   Code   RO          712    .text.HAL_TIM_Base_Init  stm32f1xx_hal_tim.o
    0x080032ee   0x080032ee   0x00000002   PAD
    0x080032f0   0x080032f0   0x0000002a   Code   RO          253    .text.HAL_TIM_Base_MspInit  stm32f1xx_hal_msp.o
    0x0800331a   0x0800331a   0x00000002   PAD
    0x0800331c   0x0800331c   0x000001a0   Code   RO          892    .text.HAL_TIM_ConfigClockSource  stm32f1xx_hal_tim.o
    0x080034bc   0x080034bc   0x000000e2   Code   RO         1031    .text.HAL_UART_Init  stm32f1xx_hal_uart.o
    0x0800359e   0x0800359e   0x00000002   PAD
    0x080035a0   0x080035a0   0x0000007a   Code   RO          257    .text.HAL_UART_MspInit  stm32f1xx_hal_msp.o
    0x0800361a   0x0800361a   0x00000002   PAD
    0x0800361c   0x0800361c   0x00000054   Code   RO         1051    .text.HAL_UART_Receive_IT  stm32f1xx_hal_uart.o
    0x08003670   0x08003670   0x00000192   Code   RO         1045    .text.HAL_UART_Transmit  stm32f1xx_hal_uart.o
    0x08003802   0x08003802   0x00000002   PAD
    0x08003804   0x08003804   0x00000002   Code   RO          224    .text.HardFault_Handler  stm32f1xx_it.o
    0x08003806   0x08003806   0x00000002   PAD
    0x08003808   0x08003808   0x000000b8   Code   RO          166    .text.History_GetAvgCO2  history.o
    0x080038c0   0x080038c0   0x000000ba   Code   RO          172    .text.History_GetAvgPM25  history.o
    0x0800397a   0x0800397a   0x00000002   PAD
    0x0800397c   0x0800397c   0x00000104   Code   RO          170    .text.History_GetMaxPM25  history.o
    0x08003a80   0x08003a80   0x00000104   Code   RO          168    .text.History_GetMinPM25  history.o
    0x08003b84   0x08003b84   0x0000000c   Code   RO          174    .text.History_GetSampleCount  history.o
    0x08003b90   0x08003b90   0x0000000e   Code   RO          162    .text.History_Init  history.o
    0x08003b9e   0x08003b9e   0x00000002   PAD
    0x08003ba0   0x08003ba0   0x00000054   Code   RO          164    .text.History_PushSample  history.o
    0x08003bf4   0x08003bf4   0x00000070   Code   RO           86    .text.Logger_Append  logger.o
    0x08003c64   0x08003c64   0x00000002   Code   RO           82    .text.Logger_Init   logger.o
    0x08003c66   0x08003c66   0x00000002   PAD
    0x08003c68   0x08003c68   0x00000414   Code   RO           84    .text.Logger_Report  logger.o
    0x0800407c   0x0800407c   0x00000002   Code   RO          226    .text.MemManage_Handler  stm32f1xx_it.o
    0x0800407e   0x0800407e   0x00000002   PAD
    0x08004080   0x08004080   0x00000016   Code   RO           99    .text.MockSensor_Init  mock_sensor.o
    0x08004096   0x08004096   0x00000002   PAD
    0x08004098   0x08004098   0x00000134   Code   RO          101    .text.MockSensor_Update  mock_sensor.o
    0x080041cc   0x080041cc   0x00000002   Code   RO          222    .text.NMI_Handler   stm32f1xx_it.o
    0x080041ce   0x080041ce   0x00000002   PAD
    0x080041d0   0x080041d0   0x00000002   Code   RO          236    .text.PendSV_Handler  stm32f1xx_it.o
    0x080041d2   0x080041d2   0x00000002   PAD
    0x080041d4   0x080041d4   0x0000000c   Code   RO          188    .text.Predictor_GetForecastAQI  predictor.o
    0x080041e0   0x080041e0   0x0000000e   Code   RO          186    .text.Predictor_Init  predictor.o
    0x080041ee   0x080041ee   0x00000002   PAD
    0x080041f0   0x080041f0   0x000000b2   Code   RO          190    .text.Predictor_Update  predictor.o
    0x080042a2   0x080042a2   0x00000002   PAD
    0x080042a4   0x080042a4   0x00000002   Code   RO          232    .text.SVC_Handler   stm32f1xx_it.o
    0x080042a6   0x080042a6   0x00000002   PAD
    0x080042a8   0x080042a8   0x00000016   Code   RO          111    .text.Scheduler_Init  scheduler.o
    0x080042be   0x080042be   0x00000002   PAD
    0x080042c0   0x080042c0   0x00000062   Code   RO          113    .text.Scheduler_Run  scheduler.o
    0x08004322   0x08004322   0x00000002   PAD
    0x08004324   0x08004324   0x00000004   Code   RO          238    .text.SysTick_Handler  stm32f1xx_it.o
    0x08004328   0x08004328   0x00000002   Code   RO         1151    .text.SystemInit    system_stm32f1xx.o
    0x0800432a   0x0800432a   0x00000002   PAD
    0x0800432c   0x0800432c   0x00000002   Code   RO          230    .text.UsageFault_Handler  stm32f1xx_it.o
    0x0800432e   0x0800432e   0x00000002   PAD
    0x08004330   0x08004330   0x000002ac   Code   RO          203    .text.main          main.o
    0x080045dc   0x080045dc   0x0000003e   Code   RO         1367    CL$$btod_d2e        c_w.l(btod.o)
    0x0800461a   0x0800461a   0x00000046   Code   RO         1369    CL$$btod_d2e_denorm_low  c_w.l(btod.o)
    0x08004660   0x08004660   0x00000060   Code   RO         1368    CL$$btod_d2e_norm_op1  c_w.l(btod.o)
    0x080046c0   0x080046c0   0x00000338   Code   RO         1377    CL$$btod_div_common  c_w.l(btod.o)
    0x080049f8   0x080049f8   0x000000dc   Code   RO         1374    CL$$btod_e2e        c_w.l(btod.o)
    0x08004ad4   0x08004ad4   0x0000002a   Code   RO         1371    CL$$btod_ediv       c_w.l(btod.o)
    0x08004afe   0x08004afe   0x0000002a   Code   RO         1370    CL$$btod_emul       c_w.l(btod.o)
    0x08004b28   0x08004b28   0x00000244   Code   RO         1376    CL$$btod_mult_common  c_w.l(btod.o)
    0x08004d6c   0x08004d6c   0x00000028   Code   RO         1400    i.__ARM_fpclassify  m_ws.l(fpclassify.o)
    0x08004d94   0x08004d94   0x0000000e   Code   RO         1212    i._is_digit         c_w.l(__printf_wp.o)
    0x08004da2   0x08004da2   0x00000002   PAD
    0x08004da4   0x08004da4   0x0000002c   Code   RO         1394    locale$$code        c_w.l(lc_numeric_c.o)
    0x08004dd0   0x08004dd0   0x0000002c   Code   RO         1473    locale$$code        c_w.l(lc_ctype_c.o)
    0x08004dfc   0x08004dfc   0x0000000c   Code   RO         1314    x$fpl$dretinf       fz_ws.l(dretinf.o)
    0x08004e08   0x08004e08   0x00000056   Code   RO         1240    x$fpl$f2d           fz_ws.l(f2d.o)
    0x08004e5e   0x08004e5e   0x00000002   PAD
    0x08004e60   0x08004e60   0x000000c4   Code   RO         1242    x$fpl$fadd          fz_ws.l(faddsub_clz.o)
    0x08004f24   0x08004f24   0x00000054   Code   RO         1248    x$fpl$fcmp          fz_ws.l(fcmp.o)
    0x08004f78   0x08004f78   0x00000018   Code   RO         1396    x$fpl$fcmpinf       fz_ws.l(fcmpi.o)
    0x08004f90   0x08004f90   0x00000184   Code   RO         1251    x$fpl$fdiv          fz_ws.l(fdiv.o)
    0x08005114   0x08005114   0x00000068   Code   RO         1316    x$fpl$feqf          fz_ws.l(feqf.o)
    0x0800517c   0x0800517c   0x00000036   Code   RO         1254    x$fpl$ffix          fz_ws.l(ffix.o)
    0x080051b2   0x080051b2   0x00000002   PAD
    0x080051b4   0x080051b4   0x00000026   Code   RO         1258    x$fpl$ffltu         fz_ws.l(fflt_clz.o)
    0x080051da   0x080051da   0x00000002   PAD
    0x080051dc   0x080051dc   0x00000068   Code   RO         1318    x$fpl$fgeqf         fz_ws.l(fgeqf.o)
    0x08005244   0x08005244   0x00000068   Code   RO         1320    x$fpl$fleqf         fz_ws.l(fleqf.o)
    0x080052ac   0x080052ac   0x00000102   Code   RO         1264    x$fpl$fmul          fz_ws.l(fmul.o)
    0x080053ae   0x080053ae   0x0000008c   Code   RO         1322    x$fpl$fnaninf       fz_ws.l(fnaninf.o)
    0x0800543a   0x0800543a   0x0000000a   Code   RO         1324    x$fpl$fretinf       fz_ws.l(fretinf.o)
    0x08005444   0x08005444   0x000000ea   Code   RO         1244    x$fpl$fsub          fz_ws.l(faddsub_clz.o)
    0x0800552e   0x0800552e   0x00000004   Code   RO         1266    x$fpl$printf1       fz_ws.l(printf1.o)
    0x08005532   0x08005532   0x00000004   Code   RO         1326    x$fpl$printf2       fz_ws.l(printf2.o)
    0x08005536   0x08005536   0x00000000   Code   RO         1332    x$fpl$usenofp       fz_ws.l(usenofp.o)
    0x08005536   0x08005536   0x00000028   Data   RO         1200    .constdata          c_w.l(_printf_hex_int_ll_ptr.o)
    0x0800555e   0x0800555e   0x00000011   Data   RO         1220    .constdata          c_w.l(__printf_flags_ss_wp.o)
    0x0800556f   0x0800556f   0x00000001   PAD
    0x08005570   0x08005570   0x00000008   Data   RO         1286    .constdata          c_w.l(_printf_wctomb.o)
    0x08005578   0x08005578   0x00000026   Data   RO         1356    .constdata          c_w.l(_printf_fp_hex.o)
    0x0800559e   0x0800559e   0x00000002   PAD
    0x080055a0   0x080055a0   0x00000094   Data   RO         1365    .constdata          c_w.l(bigflt0.o)
    0x08005634   0x08005634   0x00000010   Data   RO           89    .rodata..Lswitch.table.Logger_Report  logger.o
    0x08005644   0x08005644   0x0000000c   Data   RO           90    .rodata..Lswitch.table.Logger_Report.45  logger.o
    0x08005650   0x08005650   0x00000010   Data   RO         1156    .rodata.AHBPrescTable  system_stm32f1xx.o
    0x08005660   0x08005660   0x00000008   Data   RO         1157    .rodata.APBPrescTable  system_stm32f1xx.o
    0x08005668   0x08005668   0x00000002   Data   RO          468    .rodata.HAL_RCC_GetSysClockFreq.aPredivFactorTable  stm32f1xx_hal_rcc.o
    0x0800566a   0x0800566a   0x00000010   Data   RO          467    .rodata.cst16       stm32f1xx_hal_rcc.o
    0x0800567a   0x0800567a   0x00000018   Data   RO           25    .rodata.str1.1      alarm.o
    0x08005692   0x08005692   0x00000247   Data   RO           88    .rodata.str1.1      logger.o
    0x080058d9   0x080058d9   0x000000a7   Data   RO          136    .rodata.str1.1      cli.o
    0x08005980   0x08005980   0x00000020   Data   RO         1559    Region$$Table       anon$$obj.o
    0x080059a0   0x080059a0   0x0000001c   Data   RO         1393    locale$$data        c_w.l(lc_numeric_c.o)
    0x080059bc   0x080059bc   0x00000110   Data   RO         1472    locale$$data        c_w.l(lc_ctype_c.o)


    Execution Region RW_IRAM1 (Exec base: 0x20000000, Load base: 0x08005ad0, Size: 0x00000a70, Max: 0x00005000, ABSOLUTE)

    Exec Addr    Load Addr    Size         Type   Attr      Idx    E Section Name        Object

    0x20000000   0x08005ad0   0x00000008   Data   RW          430    .data..L_MergedGlobals  stm32f1xx_hal.o
    0x20000008   0x08005ad8   0x00000004   Data   RW         1155    .data.SystemCoreClock  system_stm32f1xx.o
    0x2000000c   0x08005adc   0x00000002   Data   RW           47    .data.min_aqi       aqi.o
    0x2000000e   0x08005ade   0x00000002   PAD
    0x20000010   0x08005ae0   0x00000004   Data   RW          103    .data.seed          mock_sensor.o
    0x20000014   0x08005ae4   0x00000004   PAD
    0x20000018        -       0x00000060   Zero   RW         1403    .bss                c_w.l(libspace.o)
    0x20000078        -       0x00000008   Zero   RW           26    .bss..L_MergedGlobals  alarm.o
    0x20000080        -       0x00000010   Zero   RW           48    .bss..L_MergedGlobals  aqi.o
    0x20000090        -       0x0000002c   Zero   RW           73    .bss..L_MergedGlobals  filter.o
    0x200000bc        -       0x00000008   Zero   RW          115    .bss..L_MergedGlobals  scheduler.o
    0x200000c4        -       0x00000043   Zero   RW          137    .bss..L_MergedGlobals  cli.o
    0x20000107   0x08005ae4   0x00000001   PAD
    0x20000108        -       0x00000004   Zero   RW          177    .bss..L_MergedGlobals  history.o
    0x2000010c        -       0x00000078   Zero   RW          213    .bss..L_MergedGlobals  main.o
    0x20000184        -       0x00000004   Zero   RW          154    .bss.faultFlags     fault.o
    0x20000188        -       0x00000040   Zero   RW          124    .bss.gWeather       system_data.o
    0x200001c8        -       0x00000258   Zero   RW          176    .bss.history_buffer  history.o
    0x20000420        -       0x00000048   Zero   RW          211    .bss.huart2         main.o
    0x20000468        -       0x00000004   Zero   RW          194    .bss.prediction     predictor.o
    0x2000046c        -       0x00000004   Zero   RW          429    .bss.uwTick         stm32f1xx_hal.o
    0x20000470        -       0x00000200   Zero   RW            2    HEAP                startup_stm32f103xb.o
    0x20000670        -       0x00000400   Zero   RW            1    STACK               startup_stm32f103xb.o


==============================================================================

Image component sizes


      Code (inc. data)   RO Data    RW Data    ZI Data      Debug   Object Name

       402         20         24          0          8       2627   alarm.o
       532          0          0          2         16       2691   aqi.o
       700        172        167          0         67       5179   cli.o
       210          0          0          0          4        979   fault.o
       462          0          0          0         44       2343   filter.o
      1000          0          0          0        604       2877   history.o
      1158        180        611          0          0       5081   logger.o
       684          0          0          0        192      10380   main.o
       330          0          0          4          0       1086   mock_sensor.o
       204          0          0          0          4       1541   predictor.o
       120          0          0          0          8        941   scheduler.o
        64         26        236          0       1536        820   startup_stm32f103xb.o
       188          0          0          8          4       5805   stm32f1xx_hal.o
      1796          0          0          0          0      13576   stm32f1xx_hal_adc.o
       162          0          0          0          0       8460   stm32f1xx_hal_cortex.o
       536         22          0          0          0       4802   stm32f1xx_hal_gpio.o
       332          0          0          0          0       7658   stm32f1xx_hal_msp.o
      1542          0         18          0          0       8113   stm32f1xx_hal_rcc.o
       506         20          0          0          0       3717   stm32f1xx_hal_rcc_ex.o
       666          0          0          0          0      58617   stm32f1xx_hal_tim.o
       126          0          0          0          0      21258   stm32f1xx_hal_tim_ex.o
       712          0          0          0          0      33198   stm32f1xx_hal_uart.o
        20          0          0          0          0       1178   stm32f1xx_it.o
         0          0          0          0         64       1383   system_data.o
         2          0         24          4          0       1624   system_stm32f1xx.o

    ----------------------------------------------------------------------
     12544        440       1112         20       2556     205934   Object Totals
         0          0         32          0          0          0   (incl. Generated)
        90          0          0          2          5          0   (incl. Padding)

    ----------------------------------------------------------------------

      Code (inc. data)   RO Data    RW Data    ZI Data      Debug   Library Member Name

        64          6          0          0          0         84   __2snprintf.o
         8          0          0          0          0         68   __main.o
       392          4         17          0          0         92   __printf_flags_ss_wp.o
        14          0          0          0          0         68   __printf_wp.o
         0          0          0          0          0          0   __rtentry.o
        12          0          0          0          0          0   __rtentry2.o
         6          0          0          0          0          0   __rtentry4.o
        94          8          0          0          0          0   __scatter.o
        26          0          0          0          0          0   __scatter_copy.o
        28          0          0          0          0          0   __scatter_zi.o
        72          0          0          0          0         96   _c16rtomb.o
         6          0          0          0          0          0   _printf_a.o
         6          0          0          0          0          0   _printf_c.o
        44          0          0          0          0        108   _printf_char.o
        48          6          0          0          0         96   _printf_char_common.o
        40          0          0          0          0         68   _printf_charcount.o
         6          0          0          0          0          0   _printf_d.o
       120         16          0          0          0         92   _printf_dec.o
         6          0          0          0          0          0   _printf_e.o
         6          0          0          0          0          0   _printf_f.o
      1052          0          0          0          0        148   _printf_fp_dec.o
       764          8         38          0          0        100   _printf_fp_hex.o
       128         16          0          0          0         84   _printf_fp_infnan.o
         6          0          0          0          0          0   _printf_g.o
       148          4         40          0          0        160   _printf_hex_int_ll_ptr.o
         6          0          0          0          0          0   _printf_i.o
       178          0          0          0          0         88   _printf_intcommon.o
        10          0          0          0          0          0   _printf_l.o
         6          0          0          0          0          0   _printf_lc.o
        10          0          0          0          0          0   _printf_ll.o
         6          0          0          0          0          0   _printf_lld.o
         6          0          0          0          0          0   _printf_lli.o
         6          0          0          0          0          0   _printf_llo.o
         6          0          0          0          0          0   _printf_llu.o
         6          0          0          0          0          0   _printf_llx.o
       124         16          0          0          0         92   _printf_longlong_dec.o
         6          0          0          0          0          0   _printf_ls.o
         6          0          0          0          0          0   _printf_n.o
         6          0          0          0          0          0   _printf_o.o
       112          8          0          0          0        124   _printf_oct_int_ll.o
         6          0          0          0          0          0   _printf_p.o
        78          0          0          0          0        108   _printf_pad.o
         0          0          0          0          0          0   _printf_percent.o
         4          0          0          0          0          0   _printf_percent_end.o
         6          0          0          0          0          0   _printf_s.o
        82          0          0          0          0         80   _printf_str.o
        36          0          0          0          0         84   _printf_truncate.o
         6          0          0          0          0          0   _printf_u.o
        44          0          0          0          0        108   _printf_wchar.o
       188          6          8          0          0         92   _printf_wctomb.o
         6          0          0          0          0          0   _printf_x.o
        16          0          0          0          0         68   _snputc.o
       228          4        148          0          0         96   bigflt0.o
      1936        128          0          0          0        668   btod.o
        18          0          0          0          0         80   exit.o
         6          0          0          0          0        152   heapauxi.o
         0          0          0          0          0          0   indicate_semi.o
        44         10        272          0          0         76   lc_ctype_c.o
        44         10         28          0          0         76   lc_numeric_c.o
         2          0          0          0          0          0   libinit.o
        30          0          0          0          0          0   libinit2.o
         2          0          0          0          0          0   libshutdown.o
         2          0          0          0          0          0   libshutdown2.o
         8          4          0          0         96         68   libspace.o
       138          0          0          0          0         80   lludiv10.o
        88          0          0          0          0         76   memcmp.o
        16          4          0          0          0         76   rt_ctype_table.o
         8          4          0          0          0         68   rt_locale_intlibspace.o
        68          0          0          0          0         68   rt_memclr.o
        78          0          0          0          0         80   rt_memclr_w.o
         2          0          0          0          0          0   rtexit.o
        10          0          0          0          0          0   rtexit2.o
       128          0          0          0          0         68   strcmpv7m.o
        62          0          0          0          0         76   strlen.o
        12          4          0          0          0         68   sys_exit.o
        74          0          0          0          0         80   sys_stackheap_outer.o
         2          0          0          0          0         68   use_no_semi.o
        60          4          0          0          0         80   vsnprintf.o
        12          0          0          0          0         68   dretinf.o
        86          4          0          0          0         84   f2d.o
       430          8          0          0          0        168   faddsub_clz.o
        84          0          0          0          0        196   fcmp.o
        24          0          0          0          0         68   fcmpi.o
       388         76          0          0          0         96   fdiv.o
       104          4          0          0          0         84   feqf.o
        54          4          0          0          0         84   ffix.o
        38          0          0          0          0         68   fflt_clz.o
       104          4          0          0          0         84   fgeqf.o
       104          4          0          0          0         84   fleqf.o
       258          4          0          0          0         84   fmul.o
       140          4          0          0          0         84   fnaninf.o
        10          0          0          0          0         68   fretinf.o
         4          0          0          0          0         68   printf1.o
         4          0          0          0          0         68   printf2.o
         0          0          0          0          0          0   usenofp.o
        40          0          0          0          0         68   fpclassify.o

    ----------------------------------------------------------------------
      9034        382        554          0         96       5736   Library Totals
        22          0          3          0          0          0   (incl. Padding)

    ----------------------------------------------------------------------

      Code (inc. data)   RO Data    RW Data    ZI Data      Debug   Library Name

      7128        270        551          0         96       4212   c_w.l
      1844        112          0          0          0       1456   fz_ws.l
        40          0          0          0          0         68   m_ws.l

    ----------------------------------------------------------------------
      9034        382        554          0         96       5736   Library Totals

    ----------------------------------------------------------------------

==============================================================================


      Code (inc. data)   RO Data    RW Data    ZI Data      Debug   

     21578        822       1666         20       2652     208122   Grand Totals
     21578        822       1666         20       2652     208122   ELF Image Totals
     21578        822       1666         20          0          0   ROM Totals

==============================================================================

    Total RO  Size (Code + RO Data)                23244 (  22.70kB)
    Total RW  Size (RW Data + ZI Data)              2672 (   2.61kB)
    Total ROM Size (Code + RO Data + RW Data)      23264 (  22.72kB)

==============================================================================

